Archive member included to satisfy reference by file (symbol)

/opt/st/stm32cubeide_1.14.0/plugins/com.st.stm32cube.ide.mcu.externaltools.gnu-tools-for-stm32.11.3.rel1.linux64_1.1.100.202309141235/tools/bin/../lib/gcc/arm-none-eabi/11.3.1/../../../../arm-none-eabi/lib/thumb/v7-m/nofp/libc_nano.a(libc_a-exit.o)
                              /opt/st/stm32cubeide_1.14.0/plugins/com.st.stm32cube.ide.mcu.externaltools.gnu-tools-for-stm32.11.3.rel1.linux64_1.1.100.202309141235/tools/bin/../lib/gcc/arm-none-eabi/11.3.1/../../../../arm-none-eabi/lib/thumb/v7-m/nofp/crt0.o (exit)
/opt/st/stm32cubeide_1.14.0/plugins/com.st.stm32cube.ide.mcu.externaltools.gnu-tools-for-stm32.11.3.rel1.linux64_1.1.100.202309141235/tools/bin/../lib/gcc/arm-none-eabi/11.3.1/../../../../arm-none-eabi/lib/thumb/v7-m/nofp/libc_nano.a(libc_a-realloc.o)
                              ./Core/Src/mainpp.o (realloc)
/opt/st/stm32cubeide_1.14.0/plugins/com.st.stm32cube.ide.mcu.externaltools.gnu-tools-for-stm32.11.3.rel1.linux64_1.1.100.202309141235/tools/bin/../lib/gcc/arm-none-eabi/11.3.1/../../../../arm-none-eabi/lib/thumb/v7-m/nofp/libc_nano.a(libc_a-reallocr.o)
                              /opt/st/stm32cubeide_1.14.0/plugins/com.st.stm32cube.ide.mcu.externaltools.gnu-tools-for-stm32.11.3.rel1.linux64_1.1.100.202309141235/tools/bin/../lib/gcc/arm-none-eabi/11.3.1/../../../../arm-none-eabi/lib/thumb/v7-m/nofp/libc_nano.a(libc_a-realloc.o) (_realloc_r)
/opt/st/stm32cubeide_1.14.0/plugins/com.st.stm32cube.ide.mcu.externaltools.gnu-tools-for-stm32.11.3.rel1.linux64_1.1.100.202309141235/tools/bin/../lib/gcc/arm-none-eabi/11.3.1/../../../../arm-none-eabi/lib/thumb/v7-m/nofp/libc_nano.a(libc_a-findfp.o)
                              /opt/st/stm32cubeide_1.14.0/plugins/com.st.stm32cube.ide.mcu.externaltools.gnu-tools-for-stm32.11.3.rel1.linux64_1.1.100.202309141235/tools/bin/../lib/gcc/arm-none-eabi/11.3.1/../../../../arm-none-eabi/lib/thumb/v7-m/nofp/libc_nano.a(libc_a-exit.o) (__stdio_exit_handler)
/opt/st/stm32cubeide_1.14.0/plugins/com.st.stm32cube.ide.mcu.externaltools.gnu-tools-for-stm32.11.3.rel1.linux64_1.1.100.202309141235/tools/bin/../lib/gcc/arm-none-eabi/11.3.1/../../../../arm-none-eabi/lib/thumb/v7-m/nofp/libc_nano.a(libc_a-fwalk.o)
                              /opt/st/stm32cubeide_1.14.0/plugins/com.st.stm32cube.ide.mcu.externaltools.gnu-tools-for-stm32.11.3.rel1.linux64_1.1.100.202309141235/tools/bin/../lib/gcc/arm-none-eabi/11.3.1/../../../../arm-none-eabi/lib/thumb/v7-m/nofp/libc_nano.a(libc_a-findfp.o) (_fwalk_sglue)
/opt/st/stm32cubeide_1.14.0/plugins/com.st.stm32cube.ide.mcu.externaltools.gnu-tools-for-stm32.11.3.rel1.linux64_1.1.100.202309141235/tools/bin/../lib/gcc/arm-none-eabi/11.3.1/../../../../arm-none-eabi/lib/thumb/v7-m/nofp/libc_nano.a(libc_a-stdio.o)
                              /opt/st/stm32cubeide_1.14.0/plugins/com.st.stm32cube.ide.mcu.externaltools.gnu-tools-for-stm32.11.3.rel1.linux64_1.1.100.202309141235/tools/bin/../lib/gcc/arm-none-eabi/11.3.1/../../../../arm-none-eabi/lib/thumb/v7-m/nofp/libc_nano.a(libc_a-findfp.o) (__sread)
/opt/st/stm32cubeide_1.14.0/plugins/com.st.stm32cube.ide.mcu.externaltools.gnu-tools-for-stm32.11.3.rel1.linux64_1.1.100.202309141235/tools/bin/../lib/gcc/arm-none-eabi/11.3.1/../../../../arm-none-eabi/lib/thumb/v7-m/nofp/libc_nano.a(libc_a-memset.o)
                              /opt/st/stm32cubeide_1.14.0/plugins/com.st.stm32cube.ide.mcu.externaltools.gnu-tools-for-stm32.11.3.rel1.linux64_1.1.100.202309141235/tools/bin/../lib/gcc/arm-none-eabi/11.3.1/../../../../arm-none-eabi/lib/thumb/v7-m/nofp/crt0.o (memset)
/opt/st/stm32cubeide_1.14.0/plugins/com.st.stm32cube.ide.mcu.externaltools.gnu-tools-for-stm32.11.3.rel1.linux64_1.1.100.202309141235/tools/bin/../lib/gcc/arm-none-eabi/11.3.1/../../../../arm-none-eabi/lib/thumb/v7-m/nofp/libc_nano.a(libc_a-closer.o)
                              /opt/st/stm32cubeide_1.14.0/plugins/com.st.stm32cube.ide.mcu.externaltools.gnu-tools-for-stm32.11.3.rel1.linux64_1.1.100.202309141235/tools/bin/../lib/gcc/arm-none-eabi/11.3.1/../../../../arm-none-eabi/lib/thumb/v7-m/nofp/libc_nano.a(libc_a-stdio.o) (_close_r)
/opt/st/stm32cubeide_1.14.0/plugins/com.st.stm32cube.ide.mcu.externaltools.gnu-tools-for-stm32.11.3.rel1.linux64_1.1.100.202309141235/tools/bin/../lib/gcc/arm-none-eabi/11.3.1/../../../../arm-none-eabi/lib/thumb/v7-m/nofp/libc_nano.a(libc_a-reent.o)
                              /opt/st/stm32cubeide_1.14.0/plugins/com.st.stm32cube.ide.mcu.externaltools.gnu-tools-for-stm32.11.3.rel1.linux64_1.1.100.202309141235/tools/bin/../lib/gcc/arm-none-eabi/11.3.1/../../../../arm-none-eabi/lib/thumb/v7-m/nofp/libc_nano.a(libc_a-closer.o) (errno)
/opt/st/stm32cubeide_1.14.0/plugins/com.st.stm32cube.ide.mcu.externaltools.gnu-tools-for-stm32.11.3.rel1.linux64_1.1.100.202309141235/tools/bin/../lib/gcc/arm-none-eabi/11.3.1/../../../../arm-none-eabi/lib/thumb/v7-m/nofp/libc_nano.a(libc_a-impure.o)
[...]
Memory Configuration

Name             Origin             Length             Attributes
RAM              0x0000000020000000 0x0000000000002800 xrw
FLASH            0x0000000008000000 0x0000000000008000 xr
*default*        0x0000000000000000 0xffffffffffffffff

Linker script and memory map

LOAD /opt/st/stm32cubeide_1.14.0/plugins/com.st.stm32cube.ide.mcu.externaltools.gnu-tools-for-stm32.11.3.rel1.linux64_1.1.100.202309141235/tools/bin/../lib/gcc/arm-none-eabi/11.3.1/thumb/v7-m/nofp/crti.o
LOAD /opt/st/stm32cubeide_1.14.0/plugins/com.st.stm32cube.ide.mcu.externaltools.gnu-tools-for-stm32.11.3.rel1.linux64_1.1.100.202309141235/tools/bin/../lib/gcc/arm-none-eabi/11.3.1/thumb/v7-m/nofp/crtbegin.o
LOAD /opt/st/stm32cubeide_1.14.0/plugins/com.st.stm32cube.ide.mcu.externaltools.gnu-tools-for-stm32.11.3.rel1.linux64_1.1.100.202309141235/tools/bin/../lib/gcc/arm-none-eabi/11.3.1/../../../../arm-none-eabi/lib/thumb/v7-m/nofp/crt0.o
LOAD ./Core/Inc/duration.o
LOAD ./Core/Inc/time.o
LOAD ./Core/Src/main.o
LOAD ./Core/Src/mainpp.o
LOAD ./Core/Src/nbt.o
LOAD ./Core/Src/stm32f1xx_hal_msp.o
LOAD ./Core/Src/stm32f1xx_it.o
LOAD ./Core/Src/syscalls.o
LOAD ./Core/Src/sysmem.o
LOAD ./Core/Src/system_stm32f1xx.o
LOAD ./Core/Startup/startup_stm32f103c6tx.o
LOAD ./Drivers/STM32F1xx_HAL_Driver/Src/stm32f1xx_hal.o
LOAD ./Drivers/STM32F1xx_HAL_Driver/Src/stm32f1xx_hal_cortex.o
LOAD ./Drivers/STM32F1xx_HAL_Driver/Src/stm32f1xx_hal_dma.o
LOAD ./Drivers/STM32F1xx_HAL_Driver/Src/stm32f1xx_hal_exti.o
LOAD ./Drivers/STM32F1xx_HAL_Driver/Src/stm32f1xx_hal_flash.o
LOAD ./Drivers/STM32F1xx_HAL_Driver/Src/stm32f1xx_hal_flash_ex.o
LOAD ./Drivers/STM32F1xx_HAL_Driver/Src/stm32f1xx_hal_gpio.o
LOAD ./Drivers/STM32F1xx_HAL_Driver/Src/stm32f1xx_hal_gpio_ex.o
LOAD ./Drivers/STM32F1xx_HAL_Driver/Src/stm32f1xx_hal_pwr.o
LOAD ./Drivers/STM32F1xx_HAL_Driver/Src/stm32f1xx_hal_rcc.o
LOAD ./Drivers/STM32F1xx_HAL_Driver/Src/stm32f1xx_hal_rcc_ex.o
LOAD ./Drivers/STM32F1xx_HAL_Driver/Src/stm32f1xx_hal_tim.o
LOAD ./Drivers/STM32F1xx_HAL_Driver/Src/stm32f1xx_hal_tim_ex.o
LOAD ./Drivers/STM32F1xx_HAL_Driver/Src/stm32f1xx_hal_uart.o
START GROUP
LOAD /opt/st/stm32cubeide_1.14.0/plugins/com.st.stm32cube.ide.mcu.externaltools.gnu-tools-for-stm32.11.3.rel1.linux64_1.1.100.202309141235/tools/bin/../lib/gcc/arm-none-eabi/11.3.1/../../../../arm-none-eabi/lib/thumb/v7-m/nofp/libstdc++_nano.a
LOAD /opt/st/stm32cubeide_1.14.0/plugins/com.st.stm32cube.ide.mcu.externaltools.gnu-tools-for-stm32.11.3.rel1.linux64_1.1.100.202309141235/tools/bin/../lib/gcc/arm-none-eabi/11.3.1/../../../../arm-none-eabi/lib/thumb/v7-m/nofp/libsupc++_nano.a
END GROUP
LOAD /opt/st/stm32cubeide_1.14.0/plugins/com.st.stm32cube.ide.mcu.externaltools.gnu-tools-for-stm32.11.3.rel1.linux64_1.1.100.202309141235/tools/bin/../lib/gcc/arm-none-eabi/11.3.1/../../../../arm-none-eabi/lib/thumb/v7-m/nofp/libstdc++_nano.a
LOAD /opt/st/stm32cubeide_1.14.0/plugins/com.st.stm32cube.ide.mcu.externaltools.gnu-tools-for-stm32.11.3.rel1.linux64_1.1.100.202309141235/tools/bin/../lib/gcc/arm-none-eabi/11.3.1/../../../../arm-none-eabi/lib/thumb/v7-m/nofp/libm.a
LOAD /opt/st/stm32cubeide_1.14.0/plugins/com.st.stm32cube.ide.mcu.externaltools.gnu-tools-for-stm32.11.3.rel1.linux64_1.1.100.202309141235/tools/bin/../lib/gcc/arm-none-eabi/11.3.1/../../../../arm-none-eabi/lib/thumb/v7-m/nofp/libc_nano.a
START GROUP
LOAD /opt/st/stm32cubeide_1.14.0/plugins/com.st.stm32cube.ide.mcu.externaltools.gnu-tools-for-stm32.11.3.rel1.linux64_1.1.100.202309141235/tools/bin/../lib/gcc/arm-none-eabi/11.3.1/thumb/v7-m/nofp/libgcc.a
LOAD /opt/st/stm32cubeide_1.14.0/plugins/com.st.stm32cube.ide.mcu.externaltools.gnu-tools-for-stm32.11.3.rel1.linux64_1.1.100.202309141235/tools/bin/../lib/gcc/arm-none-eabi/11.3.1/../../../../arm-none-eabi/lib/thumb/v7-m/nofp/libc_nano.a
END GROUP
START GROUP
LOAD /opt/st/stm32cubeide_1.14.0/plugins/com.st.stm32cube.ide.mcu.externaltools.gnu-tools-for-stm32.11.3.rel1.linux64_1.1.100.202309141235/tools/bin/../lib/gcc/arm-none-eabi/11.3.1/thumb/v7-m/nofp/libgcc.a
LOAD /opt/st/stm32cubeide_1.14.0/plugins/com.st.stm32cube.ide.mcu.externaltools.gnu-tools-for-stm32.11.3.rel1.linux64_1.1.100.202309141235/tools/bin/../lib/gcc/arm-none-eabi/11.3.1/../../../../arm-none-eabi/lib/thumb/v7-m/nofp/libc_nano.a
END GROUP
LOAD /opt/st/stm32cubeide_1.14.0/plugins/com.st.stm32cube.ide.mcu.externaltools.gnu-tools-for-stm32.11.3.rel1.linux64_1.1.100.202309141235/tools/bin/../lib/gcc/arm-none-eabi/11.3.1/thumb/v7-m/nofp/crtend.o
LOAD /opt/st/stm32cubeide_1.14.0/plugins/com.st.stm32cube.ide.mcu.externaltools.gnu-tools-for-stm32.11.3.rel1.linux64_1.1.100.202309141235/tools/bin/../lib/gcc/arm-none-eabi/11.3.1/thumb/v7-m/nofp/crtn.o
                0x0000000020002800                _estack = (ORIGIN (RAM) + LENGTH (RAM))
                0x0000000000000200                _Min_Heap_Size = 0x200
                0x0000000000000400                _Min_Stack_Size = 0x400

.isr_vector     0x0000000008000000      0x10c
                0x0000000008000000                . = ALIGN (0x4)
 *(.isr_vector)
 .isr_vector    0x0000000008000000      0x10c ./Core/Startup/startup_stm32f103c6tx.o
                0x0000000008000000                g_pfnVectors
                0x000000000800010c                . = ALIGN (0x4)

.text           0x000000000800010c     0x5908
                0x000000000800010c                . = ALIGN (0x4)
 *(.text)
 .text          0x000000000800010c       0x40 /opt/st/stm32cubeide_1.14.0/plugins/com.st.stm32cube.ide.mcu.externaltools.gnu-tools-for-stm32.11.3.rel1.linux64_1.1.100.202309141235/tools/bin/../lib/gcc/arm-none-eabi/11.3.1/thumb/v7-m/nofp/crtbegin.o
 .text          0x000000000800014c       0x10 /opt/st/stm32cubeide_1.14.0/plugins/com.st.stm32cube.ide.mcu.externaltools.gnu-tools-for-stm32.11.3.rel1.linux64_1.1.100.202309141235/tools/bin/../lib/gcc/arm-none-eabi/11.3.1/../../../../arm-none-eabi/lib/thumb/v7-m/nofp/libc_nano.a(libc_a-strlen.o)
                0x000000000800014c                strlen
 *(.text*)
 .text._ZN3ros16normalizeSecNSecERmS0_
                0x000000000800015c       0x58 ./Core/Inc/time.o
                0x000000000800015c                ros::normalizeSecNSec(unsigned long&, unsigned long&)
 .text.main     0x00000000080001b4       0x22 ./Core/Src/main.o
                0x00000000080001b4                main
 .text.SystemClock_Config
                0x00000000080001d6       0x8a ./Core/Src/main.o
                0x00000000080001d6                SystemClock_Config
 .text.MX_USART2_UART_Init
                0x0000000008000260       0x54 ./Core/Src/main.o
 .text.MX_DMA_Init
                0x00000000080002b4       0x4c ./Core/Src/main.o
 .text.MX_GPIO_Init
                0x0000000008000300      0x10c ./Core/Src/main.o
 .text.HAL_GPIO_EXTI_Callback
                0x000000000800040c       0x2a ./Core/Src/main.o
                0x000000000800040c                HAL_GPIO_EXTI_Callback
 .text.Error_Handler
                0x0000000008000436        0xa ./Core/Src/main.o
                0x0000000008000436                Error_Handler
 .text._ZN3ros4TimeC2Ev
                0x0000000008000440       0x20 ./Core/Src/mainpp.o
                0x0000000008000440                ros::Time::Time()
                0x0000000008000440                ros::Time::Time()
 .text._ZN3ros3MsgC2Ev
                0x0000000008000460       0x20 ./Core/Src/mainpp.o
                0x0000000008000460                ros::Msg::Msg()
                0x0000000008000460                ros::Msg::Msg()
 .text._ZN8std_msgs4TimeC2Ev
                0x0000000008000480       0x30 ./Core/Src/mainpp.o
                0x0000000008000480                std_msgs::Time::Time()
                0x0000000008000480                std_msgs::Time::Time()
 .text._ZNK8std_msgs4Time9serializeEPh
                0x00000000080004b0       0xae ./Core/Src/mainpp.o
                0x00000000080004b0                std_msgs::Time::serialize(unsigned char*) const
 .text._ZN8std_msgs4Time11deserializeEPh
                0x000000000800055e       0xc6 ./Core/Src/mainpp.o
                0x000000000800055e                std_msgs::Time::deserialize(unsigned char*)
 .text._ZN8std_msgs4Time7getTypeEv
                0x0000000008000624       0x18 ./Core/Src/mainpp.o
                0x0000000008000624                std_msgs::Time::getType()
 .text._ZN8std_msgs4Time6getMD5Ev
                0x000000000800063c       0x18 ./Core/Src/mainpp.o
                0x000000000800063c                std_msgs::Time::getMD5()
 .text._ZN14rosserial_msgs9TopicInfoC2Ev
                0x0000000008000654       0x48 ./Core/Src/mainpp.o
                0x0000000008000654                rosserial_msgs::TopicInfo::TopicInfo()
                0x0000000008000654                rosserial_msgs::TopicInfo::TopicInfo()
 .text._ZNK14rosserial_msgs9TopicInfo9serializeEPh
                0x000000000800069c      0x136 ./Core/Src/mainpp.o
                0x000000000800069c                rosserial_msgs::TopicInfo::serialize(unsigned char*) const
 .text._ZN14rosserial_msgs9TopicInfo11deserializeEPh
                0x00000000080007d2      0x1d0 ./Core/Src/mainpp.o
                0x00000000080007d2                rosserial_msgs::TopicInfo::deserialize(unsigned char*)
 *fill*         0x00000000080009a2        0x2 
 .text._ZN14rosserial_msgs9TopicInfo7getTypeEv
                0x00000000080009a4       0x18 ./Core/Src/mainpp.o
                0x00000000080009a4                rosserial_msgs::TopicInfo::getType()
 .text._ZN14rosserial_msgs9TopicInfo6getMD5Ev
                0x00000000080009bc       0x18 ./Core/Src/mainpp.o
                0x00000000080009bc                rosserial_msgs::TopicInfo::getMD5()
 .text._ZN14rosserial_msgs3LogC2Ev
                0x00000000080009d4       0x34 ./Core/Src/mainpp.o
                0x00000000080009d4                rosserial_msgs::Log::Log()
                0x00000000080009d4                rosserial_msgs::Log::Log()
 .text._ZNK14rosserial_msgs3Log9serializeEPh
                0x0000000008000a08       0x64 ./Core/Src/mainpp.o
                0x0000000008000a08                rosserial_msgs::Log::serialize(unsigned char*) const
 .text._ZN14rosserial_msgs3Log11deserializeEPh
                0x0000000008000a6c       0x90 ./Core/Src/mainpp.o
                0x0000000008000a6c                rosserial_msgs::Log::deserialize(unsigned char*)
 .text._ZN14rosserial_msgs3Log7getTypeEv
                0x0000000008000afc       0x18 ./Core/Src/mainpp.o
                0x0000000008000afc                rosserial_msgs::Log::getType()
 .text._ZN14rosserial_msgs3Log6getMD5Ev
                0x0000000008000b14       0x18 ./Core/Src/mainpp.o
                0x0000000008000b14                rosserial_msgs::Log::getMD5()
 .text._ZN14rosserial_msgs20RequestParamResponseC2Ev
                0x0000000008000b2c       0x5c ./Core/Src/mainpp.o
                0x0000000008000b2c                rosserial_msgs::RequestParamResponse::RequestParamResponse()
                0x0000000008000b2c                rosserial_msgs::RequestParamResponse::RequestParamResponse()
 .text._ZNK14rosserial_msgs20RequestParamResponse9serializeEPh
                0x0000000008000b88      0x222 ./Core/Src/mainpp.o
                0x0000000008000b88                rosserial_msgs::RequestParamResponse::serialize(unsigned char*) const
 .text._ZN14rosserial_msgs20RequestParamResponse11deserializeEPh
                0x0000000008000daa      0x2e2 ./Core/Src/mainpp.o
                0x0000000008000daa                rosserial_msgs::RequestParamResponse::deserialize(unsigned char*)
 .text._ZN14rosserial_msgs20RequestParamResponse7getTypeEv
                0x000000000800108c       0x18 ./Core/Src/mainpp.o
                0x000000000800108c                rosserial_msgs::RequestParamResponse::getType()
 .text._ZN14rosserial_msgs20RequestParamResponse6getMD5Ev
                0x00000000080010a4       0x18 ./Core/Src/mainpp.o
                0x00000000080010a4                rosserial_msgs::RequestParamResponse::getMD5()
 .text._ZN3ros9PublisherC2EPKcPNS_3MsgEi
                0x00000000080010bc       0x2c ./Core/Src/mainpp.o
                0x00000000080010bc                ros::Publisher::Publisher(char const*, ros::Msg*, int)
                0x00000000080010bc                ros::Publisher::Publisher(char const*, ros::Msg*, int)
 .text._ZN3ros9Publisher7publishEPKNS_3MsgE
                0x00000000080010e8       0x28 ./Core/Src/mainpp.o
                0x00000000080010e8                ros::Publisher::publish(ros::Msg const*)
 .text._ZN3ros9Publisher15getEndpointTypeEv
                0x0000000008001110       0x16 ./Core/Src/mainpp.o
                0x0000000008001110                ros::Publisher::getEndpointType()
 .text._ZN13STM32Hardware10getRdmaIndEv
                0x0000000008001126       0x24 ./Core/Src/mainpp.o
                0x0000000008001126                STM32Hardware::getRdmaInd()
 *fill*         0x000000000800114a        0x2 
 .text._ZN13STM32HardwareC2Ev
                0x000000000800114c       0x38 ./Core/Src/mainpp.o
                0x000000000800114c                STM32Hardware::STM32Hardware()
                0x000000000800114c                STM32Hardware::STM32Hardware()
 .text._ZN13STM32Hardware4initEv
                0x0000000008001184       0x16 ./Core/Src/mainpp.o
                0x0000000008001184                STM32Hardware::init()
 .text._ZN13STM32Hardware10reset_rbufEv
                0x000000000800119a       0x22 ./Core/Src/mainpp.o
                0x000000000800119a                STM32Hardware::reset_rbuf()
 .text._ZN13STM32Hardware4readEv
                0x00000000080011bc       0x5a ./Core/Src/mainpp.o
                0x00000000080011bc                STM32Hardware::read()
 *fill*         0x0000000008001216        0x2 
 .text._ZN13STM32Hardware5flushEv
                0x0000000008001218       0xe8 ./Core/Src/mainpp.o
                0x0000000008001218                STM32Hardware::flush()
 .text._ZN13STM32Hardware5writeEPhi
                0x0000000008001300       0x8c ./Core/Src/mainpp.o
                0x0000000008001300                STM32Hardware::write(unsigned char*, int)
 .text._ZN13STM32Hardware4timeEv
                0x000000000800138c       0x16 ./Core/Src/mainpp.o
                0x000000000800138c                STM32Hardware::time()
 *fill*         0x00000000080013a2        0x2 
 .text._ZN8std_msgs6StringC2Ev
                0x00000000080013a4       0x30 ./Core/Src/mainpp.o
                0x00000000080013a4                std_msgs::String::String()
                0x00000000080013a4                std_msgs::String::String()
 .text._ZNK8std_msgs6String9serializeEPh
                0x00000000080013d4       0x52 ./Core/Src/mainpp.o
                0x00000000080013d4                std_msgs::String::serialize(unsigned char*) const
 .text._ZN8std_msgs6String11deserializeEPh
                0x0000000008001426       0x7e ./Core/Src/mainpp.o
                0x0000000008001426                std_msgs::String::deserialize(unsigned char*)
 .text._ZN8std_msgs6String7getTypeEv
                0x00000000080014a4       0x18 ./Core/Src/mainpp.o
                0x00000000080014a4                std_msgs::String::getType()
 .text._ZN8std_msgs6String6getMD5Ev
                0x00000000080014bc       0x18 ./Core/Src/mainpp.o
                0x00000000080014bc                std_msgs::String::getMD5()
 .text._ZN8std_msgs5Int16C2Ev
                0x00000000080014d4       0x2c ./Core/Src/mainpp.o
                0x00000000080014d4                std_msgs::Int16::Int16()
                0x00000000080014d4                std_msgs::Int16::Int16()
 .text._ZNK8std_msgs5Int169serializeEPh
                0x0000000008001500       0x46 ./Core/Src/mainpp.o
                0x0000000008001500                std_msgs::Int16::serialize(unsigned char*) const
 .text._ZN8std_msgs5Int1611deserializeEPh
                0x0000000008001546       0x58 ./Core/Src/mainpp.o
                0x0000000008001546                std_msgs::Int16::deserialize(unsigned char*)
 *fill*         0x000000000800159e        0x2 
 .text._ZN8std_msgs5Int167getTypeEv
                0x00000000080015a0       0x18 ./Core/Src/mainpp.o
                0x00000000080015a0                std_msgs::Int16::getType()
 .text._ZN8std_msgs5Int166getMD5Ev
                0x00000000080015b8       0x18 ./Core/Src/mainpp.o
                0x00000000080015b8                std_msgs::Int16::getMD5()
 .text._ZN13geometry_msgs7Vector3C2Ev
                0x00000000080015d0       0x50 ./Core/Src/mainpp.o
                0x00000000080015d0                geometry_msgs::Vector3::Vector3()
                0x00000000080015d0                geometry_msgs::Vector3::Vector3()
 .text._ZNK13geometry_msgs7Vector39serializeEPh
                0x0000000008001620      0x2e4 ./Core/Src/mainpp.o
                0x0000000008001620                geometry_msgs::Vector3::serialize(unsigned char*) const
 .text._ZN13geometry_msgs7Vector311deserializeEPh
                0x0000000008001904      0x6be ./Core/Src/mainpp.o
                0x0000000008001904                geometry_msgs::Vector3::deserialize(unsigned char*)
 *fill*         0x0000000008001fc2        0x2 
 .text._ZN13geometry_msgs7Vector37getTypeEv
                0x0000000008001fc4       0x18 ./Core/Src/mainpp.o
                0x0000000008001fc4                geometry_msgs::Vector3::getType()
 .text._ZN13geometry_msgs7Vector36getMD5Ev
                0x0000000008001fdc       0x18 ./Core/Src/mainpp.o
                0x0000000008001fdc                geometry_msgs::Vector3::getMD5()
 .text._ZN13geometry_msgs5TwistC2Ev
                0x0000000008001ff4       0x38 ./Core/Src/mainpp.o
                0x0000000008001ff4                geometry_msgs::Twist::Twist()
                0x0000000008001ff4                geometry_msgs::Twist::Twist()
 .text._ZNK13geometry_msgs5Twist9serializeEPh
                0x000000000800202c       0x4c ./Core/Src/mainpp.o
                0x000000000800202c                geometry_msgs::Twist::serialize(unsigned char*) const
 .text._ZN13geometry_msgs5Twist11deserializeEPh
                0x0000000008002078       0x4c ./Core/Src/mainpp.o
                0x0000000008002078                geometry_msgs::Twist::deserialize(unsigned char*)
 .text._ZN13geometry_msgs5Twist7getTypeEv
                0x00000000080020c4       0x18 ./Core/Src/mainpp.o
                0x00000000080020c4                geometry_msgs::Twist::getType()
 .text._ZN13geometry_msgs5Twist6getMD5Ev
                0x00000000080020dc       0x18 ./Core/Src/mainpp.o
                0x00000000080020dc                geometry_msgs::Twist::getMD5()
 .text._ZN3ros15NodeHandleBase_C2Ev
                0x00000000080020f4       0x20 ./Core/Src/mainpp.o
                0x00000000080020f4                ros::NodeHandleBase_::NodeHandleBase_()
                0x00000000080020f4                ros::NodeHandleBase_::NodeHandleBase_()
 .text._ZN3ros11NodeHandle_I13STM32HardwareLi25ELi25ELi512ELi512EEC2Ev
                0x0000000008002114       0xf0 ./Core/Src/mainpp.o
                0x0000000008002114                ros::NodeHandle_<STM32Hardware, 25, 25, 512, 512>::NodeHandle_()
                0x0000000008002114                ros::NodeHandle_<STM32Hardware, 25, 25, 512, 512>::NodeHandle_()
 .text._Z8steeringRKN13geometry_msgs5TwistE
                0x0000000008002204       0x12 ./Core/Src/mainpp.o
                0x0000000008002204                steering(geometry_msgs::Twist const&)
 *fill*         0x0000000008002216        0x2 
 .text.HAL_UART_TxCpltCallback
                0x0000000008002218       0x24 ./Core/Src/mainpp.o
                0x0000000008002218                HAL_UART_TxCpltCallback
 .text.HAL_UART_RxCpltCallback
                0x000000000800223c       0x24 ./Core/Src/mainpp.o
                0x000000000800223c                HAL_UART_RxCpltCallback
 .text.setup    0x0000000008002260       0x50 ./Core/Src/mainpp.o
                0x0000000008002260                setup
 .text.loop     0x00000000080022b0       0x7c ./Core/Src/mainpp.o
                0x00000000080022b0                loop
 .text.left_wheel_tick
                0x000000000800232c       0xa4 ./Core/Src/mainpp.o
                0x000000000800232c                left_wheel_tick
 .text.right_wheel_tick
                0x00000000080023d0       0xa0 ./Core/Src/mainpp.o
                0x00000000080023d0                right_wheel_tick
 .text._ZN3ros3Msg8varToArrIPhmEEvT_T0_
                0x0000000008002470       0x3c ./Core/Src/mainpp.o
                0x0000000008002470                void ros::Msg::varToArr<unsigned char*, unsigned long>(unsigned char*, unsigned long)
 .text._ZN3ros3Msg8arrToVarImPhEEvRT_T0_
                0x00000000080024ac       0x4a ./Core/Src/mainpp.o
                0x00000000080024ac                void ros::Msg::arrToVar<unsigned long, unsigned char*>(unsigned long&, unsigned char*)
 *fill*         0x00000000080024f6        0x2 
 .text._ZN3ros11Subscriber_C2Ev
                0x00000000080024f8       0x20 ./Core/Src/mainpp.o
                0x00000000080024f8                ros::Subscriber_::Subscriber_()
                0x00000000080024f8                ros::Subscriber_::Subscriber_()
 .text._ZN3ros10SubscriberIN13geometry_msgs5TwistEvEC2EPKcPFvRKS2_Ei
                0x0000000008002518       0x48 ./Core/Src/mainpp.o
                0x0000000008002518                ros::Subscriber<geometry_msgs::Twist, void>::Subscriber(char const*, void (*)(geometry_msgs::Twist const&), int)
                0x0000000008002518                ros::Subscriber<geometry_msgs::Twist, void>::Subscriber(char const*, void (*)(geometry_msgs::Twist const&), int)
 .text._ZN3ros11NodeHandle_I13STM32HardwareLi25ELi25ELi512ELi512EE11getHardwareEv
                0x0000000008002560       0x16 ./Core/Src/mainpp.o
                0x0000000008002560                ros::NodeHandle_<STM32Hardware, 25, 25, 512, 512>::getHardware()
 .text._ZN3ros11NodeHandle_I13STM32HardwareLi25ELi25ELi512ELi512EE8initNodeEv
                0x0000000008002576       0x3a ./Core/Src/mainpp.o
                0x0000000008002576                ros::NodeHandle_<STM32Hardware, 25, 25, 512, 512>::initNode()
 .text._ZN3ros11NodeHandle_I13STM32HardwareLi25ELi25ELi512ELi512EE9advertiseERNS_9PublisherE
                0x00000000080025b0       0x5e ./Core/Src/mainpp.o
                0x00000000080025b0                ros::NodeHandle_<STM32Hardware, 25, 25, 512, 512>::advertise(ros::Publisher&)
 .text._ZN3ros11NodeHandle_I13STM32HardwareLi25ELi25ELi512ELi512EE8spinOnceEv
                0x000000000800260e      0x3b2 ./Core/Src/mainpp.o
                0x000000000800260e                ros::NodeHandle_<STM32Hardware, 25, 25, 512, 512>::spinOnce()
 .text._ZN3ros11NodeHandle_I13STM32HardwareLi25ELi25ELi512ELi512EE15requestSyncTimeEv
                0x00000000080029c0       0x3c ./Core/Src/mainpp.o
                0x00000000080029c0                ros::NodeHandle_<STM32Hardware, 25, 25, 512, 512>::requestSyncTime()
 .text._ZN3ros11NodeHandle_I13STM32HardwareLi25ELi25ELi512ELi512EE15negotiateTopicsEv
                0x00000000080029fc      0x1be ./Core/Src/mainpp.o
                0x00000000080029fc                ros::NodeHandle_<STM32Hardware, 25, 25, 512, 512>::negotiateTopics()
 *fill*         0x0000000008002bba        0x2 
 .text._ZN3ros11NodeHandle_I13STM32HardwareLi25ELi25ELi512ELi512EE8syncTimeEPh
                0x0000000008002bbc       0x98 ./Core/Src/mainpp.o
                0x0000000008002bbc                ros::NodeHandle_<STM32Hardware, 25, 25, 512, 512>::syncTime(unsigned char*)
 .text._ZN3ros11NodeHandle_I13STM32HardwareLi25ELi25ELi512ELi512EE7publishEiPKNS_3MsgE
                0x0000000008002c54      0x128 ./Core/Src/mainpp.o
                0x0000000008002c54                ros::NodeHandle_<STM32Hardware, 25, 25, 512, 512>::publish(int, ros::Msg const*)
 .text._ZN3ros11NodeHandle_I13STM32HardwareLi25ELi25ELi512ELi512EE6setNowERKNS_4TimeE
                0x0000000008002d7c       0x80 ./Core/Src/mainpp.o
                0x0000000008002d7c                ros::NodeHandle_<STM32Hardware, 25, 25, 512, 512>::setNow(ros::Time const&)
 .text._ZN3ros11NodeHandle_I13STM32HardwareLi25ELi25ELi512ELi512EE8logerrorEPKc
                0x0000000008002dfc       0x1c ./Core/Src/mainpp.o
                0x0000000008002dfc                ros::NodeHandle_<STM32Hardware, 25, 25, 512, 512>::logerror(char const*)
 .text._ZN3ros11NodeHandle_I13STM32HardwareLi25ELi25ELi512ELi512EE3logEcPKc
                0x0000000008002e18       0x38 ./Core/Src/mainpp.o
                0x0000000008002e18                ros::NodeHandle_<STM32Hardware, 25, 25, 512, 512>::log(char, char const*)
 .text._Z41__static_initialization_and_destruction_0ii
                0x0000000008002e50       0xbc ./Core/Src/mainpp.o
 .text._ZN3ros10SubscriberIN13geometry_msgs5TwistEvE8callbackEPh
                0x0000000008002f0c       0x2a ./Core/Src/mainpp.o
                0x0000000008002f0c                ros::Subscriber<geometry_msgs::Twist, void>::callback(unsigned char*)
 .text._ZN3ros10SubscriberIN13geometry_msgs5TwistEvE15getEndpointTypeEv
                0x0000000008002f36       0x16 ./Core/Src/mainpp.o
                0x0000000008002f36                ros::Subscriber<geometry_msgs::Twist, void>::getEndpointType()
 .text._ZN3ros10SubscriberIN13geometry_msgs5TwistEvE10getMsgTypeEv
                0x0000000008002f4c       0x1c ./Core/Src/mainpp.o
                0x0000000008002f4c                ros::Subscriber<geometry_msgs::Twist, void>::getMsgType()
 .text._ZN3ros10SubscriberIN13geometry_msgs5TwistEvE9getMsgMD5Ev
                0x0000000008002f68       0x1c ./Core/Src/mainpp.o
                0x0000000008002f68                ros::Subscriber<geometry_msgs::Twist, void>::getMsgMD5()
 .text._ZN3ros11NodeHandle_I13STM32HardwareLi25ELi25ELi512ELi512EE9connectedEv
                0x0000000008002f84       0x18 ./Core/Src/mainpp.o
                0x0000000008002f84                ros::NodeHandle_<STM32Hardware, 25, 25, 512, 512>::connected()
 .text._GLOBAL__sub_I_nh
                0x0000000008002f9c       0x10 ./Core/Src/mainpp.o
 .text._Z8NBT_initP5nbt_tm
                0x0000000008002fac       0x22 ./Core/Src/nbt.o
                0x0000000008002fac                NBT_init(nbt_t*, unsigned long)
 .text._Z11NBT_handlerP5nbt_t
                0x0000000008002fce       0x3e ./Core/Src/nbt.o
                0x0000000008002fce                NBT_handler(nbt_t*)
 .text.HAL_MspInit
                0x000000000800300c       0x64 ./Core/Src/stm32f1xx_hal_msp.o
                0x000000000800300c                HAL_MspInit
 .text.HAL_UART_MspInit
                0x0000000008003070      0x154 ./Core/Src/stm32f1xx_hal_msp.o
                0x0000000008003070                HAL_UART_MspInit
 .text.NMI_Handler
                0x00000000080031c4        0x6 ./Core/Src/stm32f1xx_it.o
                0x00000000080031c4                NMI_Handler
 .text.HardFault_Handler
                0x00000000080031ca        0x6 ./Core/Src/stm32f1xx_it.o
                0x00000000080031ca                HardFault_Handler
 .text.MemManage_Handler
                0x00000000080031d0        0x6 ./Core/Src/stm32f1xx_it.o
                0x00000000080031d0                MemManage_Handler
 .text.BusFault_Handler
                0x00000000080031d6        0x6 ./Core/Src/stm32f1xx_it.o
                0x00000000080031d6                BusFault_Handler
 .text.UsageFault_Handler
                0x00000000080031dc        0x6 ./Core/Src/stm32f1xx_it.o
                0x00000000080031dc                UsageFault_Handler
 .text.SVC_Handler
                0x00000000080031e2        0xc ./Core/Src/stm32f1xx_it.o
                0x00000000080031e2                SVC_Handler
 .text.DebugMon_Handler
                0x00000000080031ee        0xc ./Core/Src/stm32f1xx_it.o
                0x00000000080031ee                DebugMon_Handler
 .text.PendSV_Handler
                0x00000000080031fa        0xc ./Core/Src/stm32f1xx_it.o
                0x00000000080031fa                PendSV_Handler
 .text.SysTick_Handler
                0x0000000008003206        0xc ./Core/Src/stm32f1xx_it.o
                0x0000000008003206                SysTick_Handler
 .text.EXTI0_IRQHandler
                0x0000000008003212        0xe ./Core/Src/stm32f1xx_it.o
                0x0000000008003212                EXTI0_IRQHandler
 .text.EXTI1_IRQHandler
                0x0000000008003220        0xe ./Core/Src/stm32f1xx_it.o
                0x0000000008003220                EXTI1_IRQHandler
 *fill*         0x000000000800322e        0x2 
 .text.DMA1_Channel6_IRQHandler
                0x0000000008003230       0x14 ./Core/Src/stm32f1xx_it.o
                0x0000000008003230                DMA1_Channel6_IRQHandler
 .text.DMA1_Channel7_IRQHandler
                0x0000000008003244       0x14 ./Core/Src/stm32f1xx_it.o
                0x0000000008003244                DMA1_Channel7_IRQHandler
 .text.USART2_IRQHandler
                0x0000000008003258       0x14 ./Core/Src/stm32f1xx_it.o
                0x0000000008003258                USART2_IRQHandler
 .text._sbrk    0x000000000800326c       0x6c ./Core/Src/sysmem.o
                0x000000000800326c                _sbrk
 .text.SystemInit
                0x00000000080032d8        0xc ./Core/Src/system_stm32f1xx.o
                0x00000000080032d8                SystemInit
 .text.Reset_Handler
                0x00000000080032e4       0x48 ./Core/Startup/startup_stm32f103c6tx.o
                0x00000000080032e4                Reset_Handler
 .text.Default_Handler
                0x000000000800332c        0x2 ./Core/Startup/startup_stm32f103c6tx.o
                0x000000000800332c                RTC_Alarm_IRQHandler
                0x000000000800332c                EXTI2_IRQHandler
                0x000000000800332c                TIM1_CC_IRQHandler
                0x000000000800332c                PVD_IRQHandler
                0x000000000800332c                EXTI3_IRQHandler
                0x000000000800332c                ADC1_2_IRQHandler
                0x000000000800332c                SPI1_IRQHandler
                0x000000000800332c                TAMPER_IRQHandler
                0x000000000800332c                DMA1_Channel4_IRQHandler
                0x000000000800332c                RTC_IRQHandler
                0x000000000800332c                CAN1_RX1_IRQHandler
                0x000000000800332c                I2C1_EV_IRQHandler
                0x000000000800332c                TIM3_IRQHandler
                0x000000000800332c                RCC_IRQHandler
                0x000000000800332c                TIM1_TRG_COM_IRQHandler
                0x000000000800332c                DMA1_Channel1_IRQHandler
                0x000000000800332c                Default_Handler
                0x000000000800332c                EXTI15_10_IRQHandler
                0x000000000800332c                EXTI9_5_IRQHandler
                0x000000000800332c                DMA1_Channel5_IRQHandler
                0x000000000800332c                EXTI4_IRQHandler
                0x000000000800332c                USB_LP_CAN1_RX0_IRQHandler
                0x000000000800332c                USB_HP_CAN1_TX_IRQHandler
                0x000000000800332c                DMA1_Channel3_IRQHandler
                0x000000000800332c                TIM1_UP_IRQHandler
                0x000000000800332c                WWDG_IRQHandler
                0x000000000800332c                TIM2_IRQHandler
                0x000000000800332c                TIM1_BRK_IRQHandler
                0x000000000800332c                DMA1_Channel2_IRQHandler
                0x000000000800332c                CAN1_SCE_IRQHandler
                0x000000000800332c                FLASH_IRQHandler
                0x000000000800332c                USART1_IRQHandler
                0x000000000800332c                I2C1_ER_IRQHandler
                0x000000000800332c                USBWakeUp_IRQHandler
 *fill*         0x000000000800332e        0x2 
 .text.HAL_Init
                0x0000000008003330       0x2c ./Drivers/STM32F1xx_HAL_Driver/Src/stm32f1xx_hal.o
                0x0000000008003330                HAL_Init
 .text.HAL_InitTick
                0x000000000800335c       0x60 ./Drivers/STM32F1xx_HAL_Driver/Src/stm32f1xx_hal.o
                0x000000000800335c                HAL_InitTick
 .text.HAL_IncTick
                0x00000000080033bc       0x24 ./Drivers/STM32F1xx_HAL_Driver/Src/stm32f1xx_hal.o
                0x00000000080033bc                HAL_IncTick
 .text.HAL_GetTick
                0x00000000080033e0       0x14 ./Drivers/STM32F1xx_HAL_Driver/Src/stm32f1xx_hal.o
                0x00000000080033e0                HAL_GetTick
 .text.__NVIC_SetPriorityGrouping
                0x00000000080033f4       0x48 ./Drivers/STM32F1xx_HAL_Driver/Src/stm32f1xx_hal_cortex.o
 .text.__NVIC_GetPriorityGrouping
                0x000000000800343c       0x1c ./Drivers/STM32F1xx_HAL_Driver/Src/stm32f1xx_hal_cortex.o
 .text.__NVIC_EnableIRQ
                0x0000000008003458       0x38 ./Drivers/STM32F1xx_HAL_Driver/Src/stm32f1xx_hal_cortex.o
 .text.__NVIC_SetPriority
                0x0000000008003490       0x54 ./Drivers/STM32F1xx_HAL_Driver/Src/stm32f1xx_hal_cortex.o
 .text.NVIC_EncodePriority
                0x00000000080034e4       0x64 ./Drivers/STM32F1xx_HAL_Driver/Src/stm32f1xx_hal_cortex.o
 .text.SysTick_Config
                0x0000000008003548       0x44 ./Drivers/STM32F1xx_HAL_Driver/Src/stm32f1xx_hal_cortex.o
 .text.HAL_NVIC_SetPriorityGrouping
                0x000000000800358c       0x16 ./Drivers/STM32F1xx_HAL_Driver/Src/stm32f1xx_hal_cortex.o
                0x000000000800358c                HAL_NVIC_SetPriorityGrouping
 .text.HAL_NVIC_SetPriority
                0x00000000080035a2       0x38 ./Drivers/STM32F1xx_HAL_Driver/Src/stm32f1xx_hal_cortex.o
                0x00000000080035a2                HAL_NVIC_SetPriority
 .text.HAL_NVIC_EnableIRQ
                0x00000000080035da       0x1c ./Drivers/STM32F1xx_HAL_Driver/Src/stm32f1xx_hal_cortex.o
                0x00000000080035da                HAL_NVIC_EnableIRQ
 .text.HAL_SYSTICK_Config
                0x00000000080035f6       0x18 ./Drivers/STM32F1xx_HAL_Driver/Src/stm32f1xx_hal_cortex.o
                0x00000000080035f6                HAL_SYSTICK_Config
 *fill*         0x000000000800360e        0x2 
 .text.HAL_DMA_Init
                0x0000000008003610       0xb4 ./Drivers/STM32F1xx_HAL_Driver/Src/stm32f1xx_hal_dma.o
                0x0000000008003610                HAL_DMA_Init
 .text.HAL_DMA_Start_IT
                0x00000000080036c4       0xc0 ./Drivers/STM32F1xx_HAL_Driver/Src/stm32f1xx_hal_dma.o
                0x00000000080036c4                HAL_DMA_Start_IT
 .text.HAL_DMA_Abort
                0x0000000008003784       0x76 ./Drivers/STM32F1xx_HAL_Driver/Src/stm32f1xx_hal_dma.o
                0x0000000008003784                HAL_DMA_Abort
 *fill*         0x00000000080037fa        0x2 
 .text.HAL_DMA_Abort_IT
                0x00000000080037fc       0xf0 ./Drivers/STM32F1xx_HAL_Driver/Src/stm32f1xx_hal_dma.o
                0x00000000080037fc                HAL_DMA_Abort_IT
 .text.HAL_DMA_IRQHandler
                0x00000000080038ec      0x20c ./Drivers/STM32F1xx_HAL_Driver/Src/stm32f1xx_hal_dma.o
                0x00000000080038ec                HAL_DMA_IRQHandler
 .text.DMA_SetConfig
                0x0000000008003af8       0x5a ./Drivers/STM32F1xx_HAL_Driver/Src/stm32f1xx_hal_dma.o
 *fill*         0x0000000008003b52        0x2 
 .text.HAL_GPIO_Init
                0x0000000008003b54      0x2f8 ./Drivers/STM32F1xx_HAL_Driver/Src/stm32f1xx_hal_gpio.o
                0x0000000008003b54                HAL_GPIO_Init
 .text.HAL_GPIO_ReadPin
                0x0000000008003e4c       0x2e ./Drivers/STM32F1xx_HAL_Driver/Src/stm32f1xx_hal_gpio.o
                0x0000000008003e4c                HAL_GPIO_ReadPin
 .text.HAL_GPIO_WritePin
                0x0000000008003e7a       0x30 ./Drivers/STM32F1xx_HAL_Driver/Src/stm32f1xx_hal_gpio.o
                0x0000000008003e7a                HAL_GPIO_WritePin
 .text.HAL_GPIO_TogglePin
                0x0000000008003eaa       0x32 ./Drivers/STM32F1xx_HAL_Driver/Src/stm32f1xx_hal_gpio.o
                0x0000000008003eaa                HAL_GPIO_TogglePin
 .text.HAL_GPIO_EXTI_IRQHandler
                0x0000000008003edc       0x30 ./Drivers/STM32F1xx_HAL_Driver/Src/stm32f1xx_hal_gpio.o
                0x0000000008003edc                HAL_GPIO_EXTI_IRQHandler
 .text.HAL_RCC_OscConfig
                0x0000000008003f0c      0x504 ./Drivers/STM32F1xx_HAL_Driver/Src/stm32f1xx_hal_rcc.o
                0x0000000008003f0c                HAL_RCC_OscConfig
 .text.HAL_RCC_ClockConfig
                0x0000000008004410      0x1d4 ./Drivers/STM32F1xx_HAL_Driver/Src/stm32f1xx_hal_rcc.o
                0x0000000008004410                HAL_RCC_ClockConfig
 .text.HAL_RCC_GetSysClockFreq
                0x00000000080045e4       0xa8 ./Drivers/STM32F1xx_HAL_Driver/Src/stm32f1xx_hal_rcc.o
                0x00000000080045e4                HAL_RCC_GetSysClockFreq
 .text.HAL_RCC_GetHCLKFreq
                0x000000000800468c       0x14 ./Drivers/STM32F1xx_HAL_Driver/Src/stm32f1xx_hal_rcc.o
                0x000000000800468c                HAL_RCC_GetHCLKFreq
 .text.HAL_RCC_GetPCLK1Freq
                0x00000000080046a0       0x28 ./Drivers/STM32F1xx_HAL_Driver/Src/stm32f1xx_hal_rcc.o
                0x00000000080046a0                HAL_RCC_GetPCLK1Freq
 .text.HAL_RCC_GetPCLK2Freq
                0x00000000080046c8       0x28 ./Drivers/STM32F1xx_HAL_Driver/Src/stm32f1xx_hal_rcc.o
                0x00000000080046c8                HAL_RCC_GetPCLK2Freq
 .text.RCC_Delay
                0x00000000080046f0       0x3c ./Drivers/STM32F1xx_HAL_Driver/Src/stm32f1xx_hal_rcc.o
 .text.HAL_UART_Init
                0x000000000800472c       0xa0 ./Drivers/STM32F1xx_HAL_Driver/Src/stm32f1xx_hal_uart.o
                0x000000000800472c                HAL_UART_Init
 .text.HAL_UART_Transmit_DMA
                0x00000000080047cc       0xe0 ./Drivers/STM32F1xx_HAL_Driver/Src/stm32f1xx_hal_uart.o
                0x00000000080047cc                HAL_UART_Transmit_DMA
 .text.HAL_UART_Receive_DMA
                0x00000000080048ac       0x4a ./Drivers/STM32F1xx_HAL_Driver/Src/stm32f1xx_hal_uart.o
                0x00000000080048ac                HAL_UART_Receive_DMA
 *fill*         0x00000000080048f6        0x2 
 .text.HAL_UART_IRQHandler
                0x00000000080048f8      0x524 ./Drivers/STM32F1xx_HAL_Driver/Src/stm32f1xx_hal_uart.o
                0x00000000080048f8                HAL_UART_IRQHandler
 .text.HAL_UART_TxHalfCpltCallback
                0x0000000008004e1c       0x12 ./Drivers/STM32F1xx_HAL_Driver/Src/stm32f1xx_hal_uart.o
                0x0000000008004e1c                HAL_UART_TxHalfCpltCallback
 .text.HAL_UART_RxHalfCpltCallback
                0x0000000008004e2e       0x12 ./Drivers/STM32F1xx_HAL_Driver/Src/stm32f1xx_hal_uart.o
                0x0000000008004e2e                HAL_UART_RxHalfCpltCallback
 .text.HAL_UART_ErrorCallback
                0x0000000008004e40       0x12 ./Drivers/STM32F1xx_HAL_Driver/Src/stm32f1xx_hal_uart.o
                0x0000000008004e40                HAL_UART_ErrorCallback
 .text.HAL_UARTEx_RxEventCallback
                0x0000000008004e52       0x16 ./Drivers/STM32F1xx_HAL_Driver/Src/stm32f1xx_hal_uart.o
                0x0000000008004e52                HAL_UARTEx_RxEventCallback
 .text.UART_DMATransmitCplt
                0x0000000008004e68       0x9a ./Drivers/STM32F1xx_HAL_Driver/Src/stm32f1xx_hal_uart.o
 .text.UART_DMATxHalfCplt
                0x0000000008004f02       0x1c ./Drivers/STM32F1xx_HAL_Driver/Src/stm32f1xx_hal_uart.o
 .text.UART_DMAReceiveCplt
                0x0000000008004f1e      0x12c ./Drivers/STM32F1xx_HAL_Driver/Src/stm32f1xx_hal_uart.o
 .text.UART_DMARxHalfCplt
                0x000000000800504a       0x3c ./Drivers/STM32F1xx_HAL_Driver/Src/stm32f1xx_hal_uart.o
 .text.UART_DMAError
                0x0000000008005086       0x94 ./Drivers/STM32F1xx_HAL_Driver/Src/stm32f1xx_hal_uart.o
 *fill*         0x000000000800511a        0x2 
 .text.UART_Start_Receive_DMA
                0x000000000800511c      0x134 ./Drivers/STM32F1xx_HAL_Driver/Src/stm32f1xx_hal_uart.o
                0x000000000800511c                UART_Start_Receive_DMA
 .text.UART_EndTxTransfer
                0x0000000008005250       0x4e ./Drivers/STM32F1xx_HAL_Driver/Src/stm32f1xx_hal_uart.o
 .text.UART_EndRxTransfer
                0x000000000800529e       0xc4 ./Drivers/STM32F1xx_HAL_Driver/Src/stm32f1xx_hal_uart.o
 .text.UART_DMAAbortOnError
                0x0000000008005362       0x28 ./Drivers/STM32F1xx_HAL_Driver/Src/stm32f1xx_hal_uart.o
 .text.UART_Transmit_IT
                0x000000000800538a       0x9e ./Drivers/STM32F1xx_HAL_Driver/Src/stm32f1xx_hal_uart.o
 .text.UART_EndTransmit_IT
                0x0000000008005428       0x30 ./Drivers/STM32F1xx_HAL_Driver/Src/stm32f1xx_hal_uart.o
 .text.UART_Receive_IT
                0x0000000008005458      0x17c ./Drivers/STM32F1xx_HAL_Driver/Src/stm32f1xx_hal_uart.o
 .text.UART_SetConfig
                0x00000000080055d4      0x11c ./Drivers/STM32F1xx_HAL_Driver/Src/stm32f1xx_hal_uart.o
 .text.realloc  0x00000000080056f0       0x10 /opt/st/stm32cubeide_1.14.0/plugins/com.st.stm32cube.ide.mcu.externaltools.gnu-tools-for-stm32.11.3.rel1.linux64_1.1.100.202309141235/tools/bin/../lib/gcc/arm-none-eabi/11.3.1/../../../../arm-none-eabi/lib/thumb/v7-m/nofp/libc_nano.a(libc_a-realloc.o)
                0x00000000080056f0                realloc
 .text._realloc_r
                0x0000000008005700       0x5e /opt/st/stm32cubeide_1.14.0/plugins/com.st.stm32cube.ide.mcu.externaltools.gnu-tools-for-stm32.11.3.rel1.linux64_1.1.100.202309141235/tools/bin/../lib/gcc/arm-none-eabi/11.3.1/../../../../arm-none-eabi/lib/thumb/v7-m/nofp/libc_nano.a(libc_a-reallocr.o)
                0x0000000008005700                _realloc_r
 .text.memset   0x000000000800575e       0x10 /opt/st/stm32cubeide_1.14.0/plugins/com.st.stm32cube.ide.mcu.externaltools.gnu-tools-for-stm32.11.3.rel1.linux64_1.1.100.202309141235/tools/bin/../lib/gcc/arm-none-eabi/11.3.1/../../../../arm-none-eabi/lib/thumb/v7-m/nofp/libc_nano.a(libc_a-memset.o)
                0x000000000800575e                memset
 *fill*         0x000000000800576e        0x2 
 .text.__errno  0x0000000008005770        0xc /opt/st/stm32cubeide_1.14.0/plugins/com.st.stm32cube.ide.mcu.externaltools.gnu-tools-for-stm32.11.3.rel1.linux64_1.1.100.202309141235/tools/bin/../lib/gcc/arm-none-eabi/11.3.1/../../../../arm-none-eabi/lib/thumb/v7-m/nofp/libc_nano.a(libc_a-errno.o)
                0x0000000008005770                __errno
 .text.__libc_init_array
                0x000000000800577c       0x48 /opt/st/stm32cubeide_1.14.0/plugins/com.st.stm32cube.ide.mcu.externaltools.gnu-tools-for-stm32.11.3.rel1.linux64_1.1.100.202309141235/tools/bin/../lib/gcc/arm-none-eabi/11.3.1/../../../../arm-none-eabi/lib/thumb/v7-m/nofp/libc_nano.a(libc_a-init.o)
                0x000000000800577c                __libc_init_array
 .text.__retarget_lock_acquire_recursive
                0x00000000080057c4        0x2 /opt/st/stm32cubeide_1.14.0/plugins/com.st.stm32cube.ide.mcu.externaltools.gnu-tools-for-stm32.11.3.rel1.linux64_1.1.100.202309141235/tools/bin/../lib/gcc/arm-none-eabi/11.3.1/../../../../arm-none-eabi/lib/thumb/v7-m/nofp/libc_nano.a(libc_a-lock.o)
                0x00000000080057c4                __retarget_lock_acquire_recursive
 .text.__retarget_lock_release_recursive
                0x00000000080057c6        0x2 /opt/st/stm32cubeide_1.14.0/plugins/com.st.stm32cube.ide.mcu.externaltools.gnu-tools-for-stm32.11.3.rel1.linux64_1.1.100.202309141235/tools/bin/../lib/gcc/arm-none-eabi/11.3.1/../../../../arm-none-eabi/lib/thumb/v7-m/nofp/libc_nano.a(libc_a-lock.o)
                0x00000000080057c6                __retarget_lock_release_recursive
 .text.memcpy   0x00000000080057c8       0x1c /opt/st/stm32cubeide_1.14.0/plugins/com.st.stm32cube.ide.mcu.externaltools.gnu-tools-for-stm32.11.3.rel1.linux64_1.1.100.202309141235/tools/bin/../lib/gcc/arm-none-eabi/11.3.1/../../../../arm-none-eabi/lib/thumb/v7-m/nofp/libc_nano.a(libc_a-memcpy-stub.o)
                0x00000000080057c8                memcpy
 .text._free_r  0x00000000080057e4       0x90 /opt/st/stm32cubeide_1.14.0/plugins/com.st.stm32cube.ide.mcu.externaltools.gnu-tools-for-stm32.11.3.rel1.linux64_1.1.100.202309141235/tools/bin/../lib/gcc/arm-none-eabi/11.3.1/../../../../arm-none-eabi/lib/thumb/v7-m/nofp/libc_nano.a(libc_a-freer.o)
                0x00000000080057e4                _free_r
 .text.sbrk_aligned
                0x0000000008005874       0x40 /opt/st/stm32cubeide_1.14.0/plugins/com.st.stm32cube.ide.mcu.externaltools.gnu-tools-for-stm32.11.3.rel1.linux64_1.1.100.202309141235/tools/bin/../lib/gcc/arm-none-eabi/11.3.1/../../../../arm-none-eabi/lib/thumb/v7-m/nofp/libc_nano.a(libc_a-mallocr.o)
 .text._malloc_r
                0x00000000080058b4      0x100 /opt/st/stm32cubeide_1.14.0/plugins/com.st.stm32cube.ide.mcu.externaltools.gnu-tools-for-stm32.11.3.rel1.linux64_1.1.100.202309141235/tools/bin/../lib/gcc/arm-none-eabi/11.3.1/../../../../arm-none-eabi/lib/thumb/v7-m/nofp/libc_nano.a(libc_a-mallocr.o)
                0x00000000080058b4                _malloc_r
 .text.__malloc_lock
                0x00000000080059b4        0xc /opt/st/stm32cubeide_1.14.0/plugins/com.st.stm32cube.ide.mcu.externaltools.gnu-tools-for-stm32.11.3.rel1.linux64_1.1.100.202309141235/tools/bin/../lib/gcc/arm-none-eabi/11.3.1/../../../../arm-none-eabi/lib/thumb/v7-m/nofp/libc_nano.a(libc_a-mlock.o)
                0x00000000080059b4                __malloc_lock
 .text.__malloc_unlock
                0x00000000080059c0        0xc /opt/st/stm32cubeide_1.14.0/plugins/com.st.stm32cube.ide.mcu.externaltools.gnu-tools-for-stm32.11.3.rel1.linux64_1.1.100.202309141235/tools/bin/../lib/gcc/arm-none-eabi/11.3.1/../../../../arm-none-eabi/lib/thumb/v7-m/nofp/libc_nano.a(libc_a-mlock.o)
                0x00000000080059c0                __malloc_unlock
 .text._malloc_usable_size_r
                0x00000000080059cc       0x10 /opt/st/stm32cubeide_1.14.0/plugins/com.st.stm32cube.ide.mcu.externaltools.gnu-tools-for-stm32.11.3.rel1.linux64_1.1.100.202309141235/tools/bin/../lib/gcc/arm-none-eabi/11.3.1/../../../../arm-none-eabi/lib/thumb/v7-m/nofp/libc_nano.a(libc_a-msizer.o)
                0x00000000080059cc                _malloc_usable_size_r
 .text._sbrk_r  0x00000000080059dc       0x20 /opt/st/stm32cubeide_1.14.0/plugins/com.st.stm32cube.ide.mcu.externaltools.gnu-tools-for-stm32.11.3.rel1.linux64_1.1.100.202309141235/tools/bin/../lib/gcc/arm-none-eabi/11.3.1/../../../../arm-none-eabi/lib/thumb/v7-m/nofp/libc_nano.a(libc_a-sbrkr.o)
                0x00000000080059dc                _sbrk_r
 *(.glue_7)
 .glue_7        0x00000000080059fc        0x0 linker stubs
 *(.glue_7t)
 .glue_7t       0x00000000080059fc        0x0 linker stubs
 *(.eh_frame)
 .eh_frame      0x00000000080059fc        0x0 /opt/st/stm32cubeide_1.14.0/plugins/com.st.stm32cube.ide.mcu.externaltools.gnu-tools-for-stm32.11.3.rel1.linux64_1.1.100.202309141235/tools/bin/../lib/gcc/arm-none-eabi/11.3.1/thumb/v7-m/nofp/crtbegin.o
 *(.init)
 .init          0x00000000080059fc        0x4 /opt/st/stm32cubeide_1.14.0/plugins/com.st.stm32cube.ide.mcu.externaltools.gnu-tools-for-stm32.11.3.rel1.linux64_1.1.100.202309141235/tools/bin/../lib/gcc/arm-none-eabi/11.3.1/thumb/v7-m/nofp/crti.o
                0x00000000080059fc                _init
 .init          0x0000000008005a00        0x8 /opt/st/stm32cubeide_1.14.0/plugins/com.st.stm32cube.ide.mcu.externaltools.gnu-tools-for-stm32.11.3.rel1.linux64_1.1.100.202309141235/tools/bin/../lib/gcc/arm-none-eabi/11.3.1/thumb/v7-m/nofp/crtn.o
 *(.fini)
 .fini          0x0000000008005a08        0x4 /opt/st/stm32cubeide_1.14.0/plugins/com.st.stm32cube.ide.mcu.externaltools.gnu-tools-for-stm32.11.3.rel1.linux64_1.1.100.202309141235/tools/bin/../lib/gcc/arm-none-eabi/11.3.1/thumb/v7-m/nofp/crti.o
                0x0000000008005a08                _fini
 .fini          0x0000000008005a0c        0x8 /opt/st/stm32cubeide_1.14.0/plugins/com.st.stm32cube.ide.mcu.externaltools.gnu-tools-for-stm32.11.3.rel1.linux64_1.1.100.202309141235/tools/bin/../lib/gcc/arm-none-eabi/11.3.1/thumb/v7-m/nofp/crtn.o
                0x0000000008005a14                . = ALIGN (0x4)
                0x0000000008005a14                _etext = .

.vfp11_veneer   0x0000000008005a14        0x0
 .vfp11_veneer  0x0000000008005a14        0x0 linker stubs

.v4_bx          0x0000000008005a14        0x0
 .v4_bx         0x0000000008005a14        0x0 linker stubs

.iplt           0x0000000008005a14        0x0
 .iplt          0x0000000008005a14        0x0 /opt/st/stm32cubeide_1.14.0/plugins/com.st.stm32cube.ide.mcu.externaltools.gnu-tools-for-stm32.11.3.rel1.linux64_1.1.100.202309141235/tools/bin/../lib/gcc/arm-none-eabi/11.3.1/thumb/v7-m/nofp/crtbegin.o

.rodata         0x0000000008005a14      0x39c
                0x0000000008005a14                . = ALIGN (0x4)
 *(.rodata)
 .rodata        0x0000000008005a14      0x224 ./Core/Src/mainpp.o
 *(.rodata*)
 .rodata._ZN14rosserial_msgsL12REQUESTPARAME
                0x0000000008005c38       0x1c ./Core/Src/mainpp.o
 .rodata._ZTVN3ros10SubscriberIN13geometry_msgs5TwistEvEE
                0x0000000008005c54       0x18 ./Core/Src/mainpp.o
                0x0000000008005c54                vtable for ros::Subscriber<geometry_msgs::Twist, void>
 .rodata._ZTVN3ros11NodeHandle_I13STM32HardwareLi25ELi25ELi512ELi512EEE
                0x0000000008005c6c       0x14 ./Core/Src/mainpp.o
                0x0000000008005c6c                vtable for ros::NodeHandle_<STM32Hardware, 25, 25, 512, 512>
 .rodata._ZTVN13geometry_msgs5TwistE
                0x0000000008005c80       0x18 ./Core/Src/mainpp.o
                0x0000000008005c80                vtable for geometry_msgs::Twist
 .rodata._ZTVN13geometry_msgs7Vector3E
                0x0000000008005c98       0x18 ./Core/Src/mainpp.o
                0x0000000008005c98                vtable for geometry_msgs::Vector3
 .rodata._ZTVN8std_msgs5Int16E
                0x0000000008005cb0       0x18 ./Core/Src/mainpp.o
                0x0000000008005cb0                vtable for std_msgs::Int16
 .rodata._ZTVN8std_msgs6StringE
                0x0000000008005cc8       0x18 ./Core/Src/mainpp.o
                0x0000000008005cc8                vtable for std_msgs::String
 .rodata._ZTVN3ros11Subscriber_E
                0x0000000008005ce0       0x18 ./Core/Src/mainpp.o
                0x0000000008005ce0                vtable for ros::Subscriber_
 .rodata._ZTVN3ros15NodeHandleBase_E
                0x0000000008005cf8       0x14 ./Core/Src/mainpp.o
                0x0000000008005cf8                vtable for ros::NodeHandleBase_
 .rodata._ZTVN14rosserial_msgs20RequestParamResponseE
                0x0000000008005d0c       0x18 ./Core/Src/mainpp.o
                0x0000000008005d0c                vtable for rosserial_msgs::RequestParamResponse
 .rodata._ZTVN14rosserial_msgs3LogE
                0x0000000008005d24       0x18 ./Core/Src/mainpp.o
                0x0000000008005d24                vtable for rosserial_msgs::Log
 .rodata._ZTVN14rosserial_msgs9TopicInfoE
                0x0000000008005d3c       0x18 ./Core/Src/mainpp.o
                0x0000000008005d3c                vtable for rosserial_msgs::TopicInfo
 .rodata._ZTVN8std_msgs4TimeE
                0x0000000008005d54       0x18 ./Core/Src/mainpp.o
                0x0000000008005d54                vtable for std_msgs::Time
 .rodata._ZTVN3ros3MsgE
                0x0000000008005d6c       0x18 ./Core/Src/mainpp.o
                0x0000000008005d6c                vtable for ros::Msg
 .rodata.AHBPrescTable
                0x0000000008005d84       0x10 ./Core/Src/system_stm32f1xx.o
                0x0000000008005d84                AHBPrescTable
 .rodata.APBPrescTable
                0x0000000008005d94        0x8 ./Core/Src/system_stm32f1xx.o
                0x0000000008005d94                APBPrescTable
 .rodata.aPLLMULFactorTable.1
                0x0000000008005d9c       0x10 ./Drivers/STM32F1xx_HAL_Driver/Src/stm32f1xx_hal_rcc.o
 .rodata.aPredivFactorTable.0
                0x0000000008005dac        0x2 ./Drivers/STM32F1xx_HAL_Driver/Src/stm32f1xx_hal_rcc.o
                0x0000000008005db0                . = ALIGN (0x4)
 *fill*         0x0000000008005dae        0x2 

.rel.dyn        0x0000000008005db0        0x0
 .rel.iplt      0x0000000008005db0        0x0 /opt/st/stm32cubeide_1.14.0/plugins/com.st.stm32cube.ide.mcu.externaltools.gnu-tools-for-stm32.11.3.rel1.linux64_1.1.100.202309141235/tools/bin/../lib/gcc/arm-none-eabi/11.3.1/thumb/v7-m/nofp/crtbegin.o

.ARM.extab      0x0000000008005db0        0x0
                0x0000000008005db0                . = ALIGN (0x4)
 *(.ARM.extab* .gnu.linkonce.armextab.*)
                0x0000000008005db0                . = ALIGN (0x4)

.ARM            0x0000000008005db0        0x0
                0x0000000008005db0                . = ALIGN (0x4)
                0x0000000008005db0                __exidx_start = .
 *(.ARM.exidx*)
                0x0000000008005db0                __exidx_end = .
                0x0000000008005db0                . = ALIGN (0x4)

.preinit_array  0x0000000008005db0        0x0
                0x0000000008005db0                . = ALIGN (0x4)
                0x0000000008005db0                PROVIDE (__preinit_array_start = .)
 *(.preinit_array*)
                0x0000000008005db0                PROVIDE (__preinit_array_end = .)
                0x0000000008005db0                . = ALIGN (0x4)

.init_array     0x0000000008005db0        0x8
                0x0000000008005db0                . = ALIGN (0x4)
                0x0000000008005db0                PROVIDE (__init_array_start = .)
 *(SORT_BY_NAME(.init_array.*))
 *(.init_array*)
 .init_array    0x0000000008005db0        0x4 /opt/st/stm32cubeide_1.14.0/plugins/com.st.stm32cube.ide.mcu.externaltools.gnu-tools-for-stm32.11.3.rel1.linux64_1.1.100.202309141235/tools/bin/../lib/gcc/arm-none-eabi/11.3.1/thumb/v7-m/nofp/crtbegin.o
 .init_array    0x0000000008005db4        0x4 ./Core/Src/mainpp.o
                0x0000000008005db8                PROVIDE (__init_array_end = .)
                0x0000000008005db8                . = ALIGN (0x4)

.fini_array     0x0000000008005db8        0x4
                0x0000000008005db8                . = ALIGN (0x4)
                [!provide]                        PROVIDE (__fini_array_start = .)
 *(SORT_BY_NAME(.fini_array.*))
 *(.fini_array*)
 .fini_array    0x0000000008005db8        0x4 /opt/st/stm32cubeide_1.14.0/plugins/com.st.stm32cube.ide.mcu.externaltools.gnu-tools-for-stm32.11.3.rel1.linux64_1.1.100.202309141235/tools/bin/../lib/gcc/arm-none-eabi/11.3.1/thumb/v7-m/nofp/crtbegin.o
                [!provide]                        PROVIDE (__fini_array_end = .)
                0x0000000008005dbc                . = ALIGN (0x4)
                0x0000000008005dbc                _sidata = LOADADDR (.data)

.data           0x0000000020000000       0x70 load address 0x0000000008005dbc
                0x0000000020000000                . = ALIGN (0x4)
                0x0000000020000000                _sdata = .
 *(.data)
 *(.data*)
 .data.Direction_left
                0x0000000020000000        0x1 ./Core/Src/mainpp.o
                0x0000000020000000                Direction_left
 .data.Direction_right
                0x0000000020000001        0x1 ./Core/Src/mainpp.o
                0x0000000020000001                Direction_right
 *fill*         0x0000000020000002        0x2 
 .data.hello    0x0000000020000004        0xd ./Core/Src/mainpp.o
                0x0000000020000004                hello
 *fill*         0x0000000020000011        0x3 
 .data.SystemCoreClock
                0x0000000020000014        0x4 ./Core/Src/system_stm32f1xx.o
                0x0000000020000014                SystemCoreClock
 .data.uwTickPrio
                0x0000000020000018        0x4 ./Drivers/STM32F1xx_HAL_Driver/Src/stm32f1xx_hal.o
                0x0000000020000018                uwTickPrio
 .data.uwTickFreq
                0x000000002000001c        0x1 ./Drivers/STM32F1xx_HAL_Driver/Src/stm32f1xx_hal.o
                0x000000002000001c                uwTickFreq
 *fill*         0x000000002000001d        0x3 
 .data._impure_data
                0x0000000020000020       0x4c /opt/st/stm32cubeide_1.14.0/plugins/com.st.stm32cube.ide.mcu.externaltools.gnu-tools-for-stm32.11.3.rel1.linux64_1.1.100.202309141235/tools/bin/../lib/gcc/arm-none-eabi/11.3.1/../../../../arm-none-eabi/lib/thumb/v7-m/nofp/libc_nano.a(libc_a-impure.o)
                0x0000000020000020                _impure_data
 .data._impure_ptr
                0x000000002000006c        0x4 /opt/st/stm32cubeide_1.14.0/plugins/com.st.stm32cube.ide.mcu.externaltools.gnu-tools-for-stm32.11.3.rel1.linux64_1.1.100.202309141235/tools/bin/../lib/gcc/arm-none-eabi/11.3.1/../../../../arm-none-eabi/lib/thumb/v7-m/nofp/libc_nano.a(libc_a-impure.o)
                0x000000002000006c                _impure_ptr
 *(.RamFunc)
 *(.RamFunc*)
                0x0000000020000070                . = ALIGN (0x4)
                0x0000000020000070                _edata = .

.igot.plt       0x0000000020000070        0x0 load address 0x0000000008005e2c
 .igot.plt      0x0000000020000070        0x0 /opt/st/stm32cubeide_1.14.0/plugins/com.st.stm32cube.ide.mcu.externaltools.gnu-tools-for-stm32.11.3.rel1.linux64_1.1.100.202309141235/tools/bin/../lib/gcc/arm-none-eabi/11.3.1/thumb/v7-m/nofp/crtbegin.o
                0x0000000020000070                . = ALIGN (0x4)

.bss            0x0000000020000070      0xc58 load address 0x0000000008005e2c
                0x0000000020000070                _sbss = .
                0x0000000020000070                __bss_start__ = _sbss
 *(.bss)
 .bss           0x0000000020000070       0x1c /opt/st/stm32cubeide_1.14.0/plugins/com.st.stm32cube.ide.mcu.externaltools.gnu-tools-for-stm32.11.3.rel1.linux64_1.1.100.202309141235/tools/bin/../lib/gcc/arm-none-eabi/11.3.1/thumb/v7-m/nofp/crtbegin.o
 *(.bss*)
 .bss.huart2    0x000000002000008c       0x48 ./Core/Src/main.o
                0x000000002000008c                huart2
 .bss.hdma_usart2_rx
                0x00000000200000d4       0x44 ./Core/Src/main.o
                0x00000000200000d4                hdma_usart2_rx
 .bss.hdma_usart2_tx
                0x0000000020000118       0x44 ./Core/Src/main.o
                0x0000000020000118                hdma_usart2_tx
 .bss._ZZN13STM32Hardware5flushEvE5mutex
                0x000000002000015c        0x1 ./Core/Src/mainpp.o
                0x000000002000015c                STM32Hardware::flush()::mutex
 *fill*         0x000000002000015d        0x3 
 .bss._ZL7ros_nbt
                0x0000000020000160        0x8 ./Core/Src/mainpp.o
 .bss.nh        0x0000000020000168      0x93c ./Core/Src/mainpp.o
                0x0000000020000168                nh
 .bss.str_msg   0x0000000020000aa4        0x8 ./Core/Src/mainpp.o
                0x0000000020000aa4                str_msg
 .bss.chatter   0x0000000020000aac       0x14 ./Core/Src/mainpp.o
                0x0000000020000aac                chatter
 .bss.right_wheel_tick_count
                0x0000000020000ac0        0x8 ./Core/Src/mainpp.o
                0x0000000020000ac0                right_wheel_tick_count
 .bss.rightPub  0x0000000020000ac8       0x14 ./Core/Src/mainpp.o
                0x0000000020000ac8                rightPub
 .bss.angleCount
                0x0000000020000adc        0x8 ./Core/Src/mainpp.o
                0x0000000020000adc                angleCount
 .bss.left_wheel_tick_count
                0x0000000020000ae4        0x8 ./Core/Src/mainpp.o
                0x0000000020000ae4                left_wheel_tick_count
 .bss.leftPub   0x0000000020000aec       0x14 ./Core/Src/mainpp.o
                0x0000000020000aec                leftPub
 .bss.anglePub  0x0000000020000b00       0x14 ./Core/Src/mainpp.o
                0x0000000020000b00                anglePub
 *fill*         0x0000000020000b14        0x4 
 .bss.sub       0x0000000020000b18       0x60 ./Core/Src/mainpp.o
                0x0000000020000b18                sub
 .bss.__sbrk_heap_end
                0x0000000020000b78        0x4 ./Core/Src/sysmem.o
 .bss.uwTick    0x0000000020000b7c        0x4 ./Drivers/STM32F1xx_HAL_Driver/Src/stm32f1xx_hal.o
                0x0000000020000b7c                uwTick
 .bss.__sf      0x0000000020000b80      0x138 /opt/st/stm32cubeide_1.14.0/plugins/com.st.stm32cube.ide.mcu.externaltools.gnu-tools-for-stm32.11.3.rel1.linux64_1.1.100.202309141235/tools/bin/../lib/gcc/arm-none-eabi/11.3.1/../../../../arm-none-eabi/lib/thumb/v7-m/nofp/libc_nano.a(libc_a-findfp.o)
                0x0000000020000b80                __sf
 .bss.errno     0x0000000020000cb8        0x4 /opt/st/stm32cubeide_1.14.0/plugins/com.st.stm32cube.ide.mcu.externaltools.gnu-tools-for-stm32.11.3.rel1.linux64_1.1.100.202309141235/tools/bin/../lib/gcc/arm-none-eabi/11.3.1/../../../../arm-none-eabi/lib/thumb/v7-m/nofp/libc_nano.a(libc_a-reent.o)
                0x0000000020000cb8                errno
 .bss.__lock___malloc_recursive_mutex
                0x0000000020000cbc        0x1 /opt/st/stm32cubeide_1.14.0/plugins/com.st.stm32cube.ide.mcu.externaltools.gnu-tools-for-stm32.11.3.rel1.linux64_1.1.100.202309141235/tools/bin/../lib/gcc/arm-none-eabi/11.3.1/../../../../arm-none-eabi/lib/thumb/v7-m/nofp/libc_nano.a(libc_a-lock.o)
                0x0000000020000cbc                __lock___malloc_recursive_mutex
 *fill*         0x0000000020000cbd        0x3 
 .bss.__malloc_free_list
                0x0000000020000cc0        0x4 /opt/st/stm32cubeide_1.14.0/plugins/com.st.stm32cube.ide.mcu.externaltools.gnu-tools-for-stm32.11.3.rel1.linux64_1.1.100.202309141235/tools/bin/../lib/gcc/arm-none-eabi/11.3.1/../../../../arm-none-eabi/lib/thumb/v7-m/nofp/libc_nano.a(libc_a-mallocr.o)
                0x0000000020000cc0                __malloc_free_list
 .bss.__malloc_sbrk_start
                0x0000000020000cc4        0x4 /opt/st/stm32cubeide_1.14.0/plugins/com.st.stm32cube.ide.mcu.externaltools.gnu-tools-for-stm32.11.3.rel1.linux64_1.1.100.202309141235/tools/bin/../lib/gcc/arm-none-eabi/11.3.1/../../../../arm-none-eabi/lib/thumb/v7-m/nofp/libc_nano.a(libc_a-mallocr.o)
                0x0000000020000cc4                __malloc_sbrk_start
 *(COMMON)
                0x0000000020000cc8                . = ALIGN (0x4)
                0x0000000020000cc8                _ebss = .
                0x0000000020000cc8                __bss_end__ = _ebss

._user_heap_stack
                0x0000000020000cc8      0x600 load address 0x0000000008005e2c
                0x0000000020000cc8                . = ALIGN (0x8)
                [!provide]                        PROVIDE (end = .)
                0x0000000020000cc8                PROVIDE (_end = .)
                0x0000000020000ec8                . = (. + _Min_Heap_Size)
 *fill*         0x0000000020000cc8      0x200 
                0x00000000200012c8                . = (. + _Min_Stack_Size)
 *fill*         0x0000000020000ec8      0x400 
                0x00000000200012c8                . = ALIGN (0x8)

/DISCARD/
 libc.a(*)
 libm.a(*)
 libgcc.a(*)

.ARM.attributes
                0x0000000000000000       0x29
 *(.ARM.attributes)
 .ARM.attributes
                0x0000000000000000       0x1d /opt/st/stm32cubeide_1.14.0/plugins/com.st.stm32cube.ide.mcu.externaltools.gnu-tools-for-stm32.11.3.rel1.linux64_1.1.100.202309141235/tools/bin/../lib/gcc/arm-none-eabi/11.3.1/thumb/v7-m/nofp/crti.o
 .ARM.attributes
                0x000000000000001d       0x2d /opt/st/stm32cubeide_1.14.0/plugins/com.st.stm32cube.ide.mcu.externaltools.gnu-tools-for-stm32.11.3.rel1.linux64_1.1.100.202309141235/tools/bin/../lib/gcc/arm-none-eabi/11.3.1/thumb/v7-m/nofp/crtbegin.o
 .ARM.attributes
                0x000000000000004a       0x2d ./Core/Inc/time.o
 .ARM.attributes
                0x0000000000000077       0x2d ./Core/Src/main.o
 .ARM.attributes
                0x00000000000000a4       0x2d ./Core/Src/mainpp.o
 .ARM.attributes
                0x00000000000000d1       0x2d ./Core/Src/nbt.o
 .ARM.attributes
                0x00000000000000fe       0x2d ./Core/Src/stm32f1xx_hal_msp.o
 .ARM.attributes
                0x000000000000012b       0x2d ./Core/Src/stm32f1xx_it.o
 .ARM.attributes
                0x0000000000000158       0x2d ./Core/Src/sysmem.o
 .ARM.attributes
                0x0000000000000185       0x2d ./Core/Src/system_stm32f1xx.o
 .ARM.attributes
                0x00000000000001b2       0x21 ./Core/Startup/startup_stm32f103c6tx.o
 .ARM.attributes
                0x00000000000001d3       0x2d ./Drivers/STM32F1xx_HAL_Driver/Src/stm32f1xx_hal.o
 .ARM.attributes
                0x0000000000000200       0x2d ./Drivers/STM32F1xx_HAL_Driver/Src/stm32f1xx_hal_cortex.o
 .ARM.attributes
                0x000000000000022d       0x2d ./Drivers/STM32F1xx_HAL_Driver/Src/stm32f1xx_hal_dma.o
 .ARM.attributes
                0x000000000000025a       0x2d ./Drivers/STM32F1xx_HAL_Driver/Src/stm32f1xx_hal_gpio.o
 .ARM.attributes
                0x0000000000000287       0x2d ./Drivers/STM32F1xx_HAL_Driver/Src/stm32f1xx_hal_rcc.o
 .ARM.attributes
                0x00000000000002b4       0x2d ./Drivers/STM32F1xx_HAL_Driver/Src/stm32f1xx_hal_uart.o
 .ARM.attributes
                0x00000000000002e1       0x2d /opt/st/stm32cubeide_1.14.0/plugins/com.st.stm32cube.ide.mcu.externaltools.gnu-tools-for-stm32.11.3.rel1.linux64_1.1.100.202309141235/tools/bin/../lib/gcc/arm-none-eabi/11.3.1/../../../../arm-none-eabi/lib/thumb/v7-m/nofp/libc_nano.a(libc_a-realloc.o)
 .ARM.attributes
                0x000000000000030e       0x2d /opt/st/stm32cubeide_1.14.0/plugins/com.st.stm32cube.ide.mcu.externaltools.gnu-tools-for-stm32.11.3.rel1.linux64_1.1.100.202309141235/tools/bin/../lib/gcc/arm-none-eabi/11.3.1/../../../../arm-none-eabi/lib/thumb/v7-m/nofp/libc_nano.a(libc_a-reallocr.o)
 .ARM.attributes
                0x000000000000033b       0x2d /opt/st/stm32cubeide_1.14.0/plugins/com.st.stm32cube.ide.mcu.externaltools.gnu-tools-for-stm32.11.3.rel1.linux64_1.1.100.202309141235/tools/bin/../lib/gcc/arm-none-eabi/11.3.1/../../../../arm-none-eabi/lib/thumb/v7-m/nofp/libc_nano.a(libc_a-findfp.o)
 .ARM.attributes
                0x0000000000000368       0x2d /opt/st/stm32cubeide_1.14.0/plugins/com.st.stm32cube.ide.mcu.externaltools.gnu-tools-for-stm32.11.3.rel1.linux64_1.1.100.202309141235/tools/bin/../lib/gcc/arm-none-eabi/11.3.1/../../../../arm-none-eabi/lib/thumb/v7-m/nofp/libc_nano.a(libc_a-memset.o)
 .ARM.attributes
                0x0000000000000395       0x2d /opt/st/stm32cubeide_1.14.0/plugins/com.st.stm32cube.ide.mcu.externaltools.gnu-tools-for-stm32.11.3.rel1.linux64_1.1.100.202309141235/tools/bin/../lib/gcc/arm-none-eabi/11.3.1/../../../../arm-none-eabi/lib/thumb/v7-m/nofp/libc_nano.a(libc_a-reent.o)
 .ARM.attributes
                0x00000000000003c2       0x2d /opt/st/stm32cubeide_1.14.0/plugins/com.st.stm32cube.ide.mcu.externaltools.gnu-tools-for-stm32.11.3.rel1.linux64_1.1.100.202309141235/tools/bin/../lib/gcc/arm-none-eabi/11.3.1/../../../../arm-none-eabi/lib/thumb/v7-m/nofp/libc_nano.a(libc_a-impure.o)
 .ARM.attributes
                0x00000000000003ef       0x2d /opt/st/stm32cubeide_1.14.0/plugins/com.st.stm32cube.ide.mcu.externaltools.gnu-tools-for-stm32.11.3.rel1.linux64_1.1.100.202309141235/tools/bin/../lib/gcc/arm-none-eabi/11.3.1/../../../../arm-none-eabi/lib/thumb/v7-m/nofp/libc_nano.a(libc_a-errno.o)
 .ARM.attributes
                0x000000000000041c       0x2d /opt/st/stm32cubeide_1.14.0/plugins/com.st.stm32cube.ide.mcu.externaltools.gnu-tools-for-stm32.11.3.rel1.linux64_1.1.100.202309141235/tools/bin/../lib/gcc/arm-none-eabi/11.3.1/../../../../arm-none-eabi/lib/thumb/v7-m/nofp/libc_nano.a(libc_a-init.o)
 .ARM.attributes
                0x0000000000000449       0x2d /opt/st/stm32cubeide_1.14.0/plugins/com.st.stm32cube.ide.mcu.externaltools.gnu-tools-for-stm32.11.3.rel1.linux64_1.1.100.202309141235/tools/bin/../lib/gcc/arm-none-eabi/11.3.1/../../../../arm-none-eabi/lib/thumb/v7-m/nofp/libc_nano.a(libc_a-lock.o)
 .ARM.attributes
                0x0000000000000476       0x2d /opt/st/stm32cubeide_1.14.0/plugins/com.st.stm32cube.ide.mcu.externaltools.gnu-tools-for-stm32.11.3.rel1.linux64_1.1.100.202309141235/tools/bin/../lib/gcc/arm-none-eabi/11.3.1/../../../../arm-none-eabi/lib/thumb/v7-m/nofp/libc_nano.a(libc_a-memcpy-stub.o)
 .ARM.attributes
                0x00000000000004a3       0x17 /opt/st/stm32cubeide_1.14.0/plugins/com.st.stm32cube.ide.mcu.externaltools.gnu-tools-for-stm32.11.3.rel1.linux64_1.1.100.202309141235/tools/bin/../lib/gcc/arm-none-eabi/11.3.1/../../../../arm-none-eabi/lib/thumb/v7-m/nofp/libc_nano.a(libc_a-strlen.o)
 .ARM.attributes
                0x00000000000004ba       0x2d /opt/st/stm32cubeide_1.14.0/plugins/com.st.stm32cube.ide.mcu.externaltools.gnu-tools-for-stm32.11.3.rel1.linux64_1.1.100.202309141235/tools/bin/../lib/gcc/arm-none-eabi/11.3.1/../../../../arm-none-eabi/lib/thumb/v7-m/nofp/libc_nano.a(libc_a-freer.o)
 .ARM.attributes
                0x00000000000004e7       0x2d /opt/st/stm32cubeide_1.14.0/plugins/com.st.stm32cube.ide.mcu.externaltools.gnu-tools-for-stm32.11.3.rel1.linux64_1.1.100.202309141235/tools/bin/../lib/gcc/arm-none-eabi/11.3.1/../../../../arm-none-eabi/lib/thumb/v7-m/nofp/libc_nano.a(libc_a-mallocr.o)
 .ARM.attributes
                0x0000000000000514       0x2d /opt/st/stm32cubeide_1.14.0/plugins/com.st.stm32cube.ide.mcu.externaltools.gnu-tools-for-stm32.11.3.rel1.linux64_1.1.100.202309141235/tools/bin/../lib/gcc/arm-none-eabi/11.3.1/../../../../arm-none-eabi/lib/thumb/v7-m/nofp/libc_nano.a(libc_a-mlock.o)
 .ARM.attributes
                0x0000000000000541       0x2d /opt/st/stm32cubeide_1.14.0/plugins/com.st.stm32cube.ide.mcu.externaltools.gnu-tools-for-stm32.11.3.rel1.linux64_1.1.100.202309141235/tools/bin/../lib/gcc/arm-none-eabi/11.3.1/../../../../arm-none-eabi/lib/thumb/v7-m/nofp/libc_nano.a(libc_a-msizer.o)
 .ARM.attributes
                0x000000000000056e       0x2d /opt/st/stm32cubeide_1.14.0/plugins/com.st.stm32cube.ide.mcu.externaltools.gnu-tools-for-stm32.11.3.rel1.linux64_1.1.100.202309141235/tools/bin/../lib/gcc/arm-none-eabi/11.3.1/../../../../arm-none-eabi/lib/thumb/v7-m/nofp/libc_nano.a(libc_a-sbrkr.o)
 .ARM.attributes
                0x000000000000059b       0x1d /opt/st/stm32cubeide_1.14.0/plugins/com.st.stm32cube.ide.mcu.externaltools.gnu-tools-for-stm32.11.3.rel1.linux64_1.1.100.202309141235/tools/bin/../lib/gcc/arm-none-eabi/11.3.1/thumb/v7-m/nofp/crtn.o
OUTPUT(UART_ROS.elf elf32-littlearm)
LOAD linker stubs
LOAD /opt/st/stm32cubeide_1.14.0/plugins/com.st.stm32cube.ide.mcu.externaltools.gnu-tools-for-stm32.11.3.rel1.linux64_1.1.100.202309141235/tools/bin/../lib/gcc/arm-none-eabi/11.3.1/../../../../arm-none-eabi/lib/thumb/v7-m/nofp/libc.a
LOAD /opt/st/stm32cubeide_1.14.0/plugins/com.st.stm32cube.ide.mcu.externaltools.gnu-tools-for-stm32.11.3.rel1.linux64_1.1.100.202309141235/tools/bin/../lib/gcc/arm-none-eabi/11.3.1/../../../../arm-none-eabi/lib/thumb/v7-m/nofp/libm.a
LOAD /opt/st/stm32cubeide_1.14.0/plugins/com.st.stm32cube.ide.mcu.externaltools.gnu-tools-for-stm32.11.3.rel1.linux64_1.1.100.202309141235/tools/bin/../lib/gcc/arm-none-eabi/11.3.1/thumb/v7-m/nofp/libgcc.a

.comment        0x0000000000000000       0x43
 .comment       0x0000000000000000       0x43 /opt/st/stm32cubeide_1.14.0/plugins/com.st.stm32cube.ide.mcu.externaltools.gnu-tools-for-stm32.11.3.rel1.linux64_1.1.100.202309141235/tools/bin/../lib/gcc/arm-none-eabi/11.3.1/thumb/v7-m/nofp/crtbegin.o
                                         0x44 (size before relaxing)
 .comment       0x0000000000000043       0x44 ./Core/Inc/time.o
 .comment       0x0000000000000043       0x44 ./Core/Src/main.o
 .comment       0x0000000000000043       0x44 ./Core/Src/mainpp.o
 .comment       0x0000000000000043       0x44 ./Core/Src/nbt.o
 .comment       0x0000000000000043       0x44 ./Core/Src/stm32f1xx_hal_msp.o
 .comment       0x0000000000000043       0x44 ./Core/Src/stm32f1xx_it.o
 .comment       0x0000000000000043       0x44 ./Core/Src/sysmem.o
 .comment       0x0000000000000043       0x44 ./Core/Src/system_stm32f1xx.o
 .comment       0x0000000000000043       0x44 ./Drivers/STM32F1xx_HAL_Driver/Src/stm32f1xx_hal.o
 .comment       0x0000000000000043       0x44 ./Drivers/STM32F1xx_HAL_Driver/Src/stm32f1xx_hal_cortex.o
 .comment       0x0000000000000043       0x44 ./Drivers/STM32F1xx_HAL_Driver/Src/stm32f1xx_hal_dma.o
 .comment       0x0000000000000043       0x44 ./Drivers/STM32F1xx_HAL_Driver/Src/stm32f1xx_hal_gpio.o
 .comment       0x0000000000000043       0x44 ./Drivers/STM32F1xx_HAL_Driver/Src/stm32f1xx_hal_rcc.o
 .comment       0x0000000000000043       0x44 ./Drivers/STM32F1xx_HAL_Driver/Src/stm32f1xx_hal_uart.o

.debug_info     0x0000000000000000     0xf542
 .debug_info    0x0000000000000000     0x1928 ./Core/Inc/time.o
 .debug_info    0x0000000000001928      0xb8f ./Core/Src/main.o
 .debug_info    0x00000000000024b7     0x660d ./Core/Src/mainpp.o
 .debug_info    0x0000000000008ac4      0x140 ./Core/Src/nbt.o
 .debug_info    0x0000000000008c04      0x9e2 ./Core/Src/stm32f1xx_hal_msp.o
 .debug_info    0x00000000000095e6      0x666 ./Core/Src/stm32f1xx_it.o
 .debug_info    0x0000000000009c4c      0x168 ./Core/Src/sysmem.o
 .debug_info    0x0000000000009db4      0x222 ./Core/Src/system_stm32f1xx.o
 .debug_info    0x0000000000009fd6       0x23 ./Core/Startup/startup_stm32f103c6tx.o
 .debug_info    0x0000000000009ff9      0x6e6 ./Drivers/STM32F1xx_HAL_Driver/Src/stm32f1xx_hal.o
 .debug_info    0x000000000000a6df      0xa69 ./Drivers/STM32F1xx_HAL_Driver/Src/stm32f1xx_hal_cortex.o
 .debug_info    0x000000000000b148      0x6d2 ./Drivers/STM32F1xx_HAL_Driver/Src/stm32f1xx_hal_dma.o
 .debug_info    0x000000000000b81a      0x5ab ./Drivers/STM32F1xx_HAL_Driver/Src/stm32f1xx_hal_gpio.o
 .debug_info    0x000000000000bdc5      0x7d5 ./Drivers/STM32F1xx_HAL_Driver/Src/stm32f1xx_hal_rcc.o
 .debug_info    0x000000000000c59a     0x2fa8 ./Drivers/STM32F1xx_HAL_Driver/Src/stm32f1xx_hal_uart.o

.debug_abbrev   0x0000000000000000     0x238e
 .debug_abbrev  0x0000000000000000      0x2c8 ./Core/Inc/time.o
 .debug_abbrev  0x00000000000002c8      0x2b0 ./Core/Src/main.o
 .debug_abbrev  0x0000000000000578      0x904 ./Core/Src/mainpp.o
 .debug_abbrev  0x0000000000000e7c       0xdb ./Core/Src/nbt.o
 .debug_abbrev  0x0000000000000f57      0x20b ./Core/Src/stm32f1xx_hal_msp.o
 .debug_abbrev  0x0000000000001162      0x1a6 ./Core/Src/stm32f1xx_it.o
 .debug_abbrev  0x0000000000001308       0xbc ./Core/Src/sysmem.o
 .debug_abbrev  0x00000000000013c4      0x13f ./Core/Src/system_stm32f1xx.o
 .debug_abbrev  0x0000000000001503       0x12 ./Core/Startup/startup_stm32f103c6tx.o
 .debug_abbrev  0x0000000000001515      0x201 ./Drivers/STM32F1xx_HAL_Driver/Src/stm32f1xx_hal.o
 .debug_abbrev  0x0000000000001716      0x2f8 ./Drivers/STM32F1xx_HAL_Driver/Src/stm32f1xx_hal_cortex.o
 .debug_abbrev  0x0000000000001a0e      0x20b ./Drivers/STM32F1xx_HAL_Driver/Src/stm32f1xx_hal_dma.o
 .debug_abbrev  0x0000000000001c19      0x1ca ./Drivers/STM32F1xx_HAL_Driver/Src/stm32f1xx_hal_gpio.o
 .debug_abbrev  0x0000000000001de3      0x2b3 ./Drivers/STM32F1xx_HAL_Driver/Src/stm32f1xx_hal_rcc.o
 .debug_abbrev  0x0000000000002096      0x2f8 ./Drivers/STM32F1xx_HAL_Driver/Src/stm32f1xx_hal_uart.o

.debug_aranges  0x0000000000000000      0x9f0
 .debug_aranges
                0x0000000000000000       0x48 ./Core/Inc/time.o
 .debug_aranges
                0x0000000000000048       0x50 ./Core/Src/main.o
 .debug_aranges
                0x0000000000000098      0x2b8 ./Core/Src/mainpp.o
 .debug_aranges
                0x0000000000000350       0x28 ./Core/Src/nbt.o
 .debug_aranges
                0x0000000000000378       0x30 ./Core/Src/stm32f1xx_hal_msp.o
 .debug_aranges
                0x00000000000003a8       0x88 ./Core/Src/stm32f1xx_it.o
 .debug_aranges
                0x0000000000000430       0x20 ./Core/Src/sysmem.o
 .debug_aranges
                0x0000000000000450       0x28 ./Core/Src/system_stm32f1xx.o
 .debug_aranges
                0x0000000000000478       0x28 ./Core/Startup/startup_stm32f103c6tx.o
 .debug_aranges
                0x00000000000004a0       0xe0 ./Drivers/STM32F1xx_HAL_Driver/Src/stm32f1xx_hal.o
 .debug_aranges
                0x0000000000000580      0x100 ./Drivers/STM32F1xx_HAL_Driver/Src/stm32f1xx_hal_cortex.o
 .debug_aranges
                0x0000000000000680       0x80 ./Drivers/STM32F1xx_HAL_Driver/Src/stm32f1xx_hal_dma.o
 .debug_aranges
                0x0000000000000700       0x58 ./Drivers/STM32F1xx_HAL_Driver/Src/stm32f1xx_hal_gpio.o
 .debug_aranges
                0x0000000000000758       0x90 ./Drivers/STM32F1xx_HAL_Driver/Src/stm32f1xx_hal_rcc.o
 .debug_aranges
                0x00000000000007e8      0x208 ./Drivers/STM32F1xx_HAL_Driver/Src/stm32f1xx_hal_uart.o

.debug_rnglists
                0x0000000000000000      0x79b
 .debug_rnglists
                0x0000000000000000       0x31 ./Core/Inc/time.o
 .debug_rnglists
                0x0000000000000031       0x39 ./Core/Src/main.o
 .debug_rnglists
                0x000000000000006a      0x228 ./Core/Src/mainpp.o
 .debug_rnglists
                0x0000000000000292       0x19 ./Core/Src/nbt.o
 .debug_rnglists
                0x00000000000002ab       0x20 ./Core/Src/stm32f1xx_hal_msp.o
 .debug_rnglists
                0x00000000000002cb       0x61 ./Core/Src/stm32f1xx_it.o
 .debug_rnglists
                0x000000000000032c       0x13 ./Core/Src/sysmem.o
 .debug_rnglists
                0x000000000000033f       0x1a ./Core/Src/system_stm32f1xx.o
 .debug_rnglists
                0x0000000000000359       0x19 ./Core/Startup/startup_stm32f103c6tx.o
 .debug_rnglists
                0x0000000000000372       0xa3 ./Drivers/STM32F1xx_HAL_Driver/Src/stm32f1xx_hal.o
 .debug_rnglists
                0x0000000000000415       0xbb ./Drivers/STM32F1xx_HAL_Driver/Src/stm32f1xx_hal_cortex.o
 .debug_rnglists
                0x00000000000004d0       0x64 ./Drivers/STM32F1xx_HAL_Driver/Src/stm32f1xx_hal_dma.o
 .debug_rnglists
                0x0000000000000534       0x3f ./Drivers/STM32F1xx_HAL_Driver/Src/stm32f1xx_hal_gpio.o
 .debug_rnglists
                0x0000000000000573       0x6c ./Drivers/STM32F1xx_HAL_Driver/Src/stm32f1xx_hal_rcc.o
 .debug_rnglists
                0x00000000000005df      0x1bc ./Drivers/STM32F1xx_HAL_Driver/Src/stm32f1xx_hal_uart.o

.debug_macro    0x0000000000000000    0x175f7
 .debug_macro   0x0000000000000000      0x1c1 ./Core/Inc/time.o
 .debug_macro   0x00000000000001c1      0x1a5 ./Core/Src/main.o
 .debug_macro   0x0000000000000366      0xa9c ./Core/Src/main.o
 .debug_macro   0x0000000000000e02      0x21b ./Core/Src/main.o
 .debug_macro   0x000000000000101d       0x2e ./Core/Src/main.o
 .debug_macro   0x000000000000104b       0x22 ./Core/Src/main.o
 .debug_macro   0x000000000000106d       0x8e ./Core/Src/main.o
 .debug_macro   0x00000000000010fb       0x51 ./Core/Src/main.o
 .debug_macro   0x000000000000114c       0x1c ./Core/Src/main.o
 .debug_macro   0x0000000000001168       0x22 ./Core/Src/main.o
 .debug_macro   0x000000000000118a       0xbd ./Core/Src/main.o
 .debug_macro   0x0000000000001247      0xd23 ./Core/Src/main.o
 .debug_macro   0x0000000000001f6a     0xde75 ./Core/Src/main.o
 .debug_macro   0x000000000000fddf       0x6d ./Core/Src/main.o
 .debug_macro   0x000000000000fe4c     0x348d ./Core/Src/main.o
 .debug_macro   0x00000000000132d9      0x174 ./Core/Src/main.o
 .debug_macro   0x000000000001344d       0x5c ./Core/Src/main.o
 .debug_macro   0x00000000000134a9      0x5bc ./Core/Src/main.o
 .debug_macro   0x0000000000013a65      0x1b7 ./Core/Src/main.o
 .debug_macro   0x0000000000013c1c      0x1cb ./Core/Src/main.o
 .debug_macro   0x0000000000013de7      0x114 ./Core/Src/main.o
 .debug_macro   0x0000000000013efb      0x1b2 ./Core/Src/main.o
 .debug_macro   0x00000000000140ad       0x27 ./Core/Src/main.o
 .debug_macro   0x00000000000140d4      0x12f ./Core/Src/main.o
 .debug_macro   0x0000000000014203      0x1bc ./Core/Src/main.o
 .debug_macro   0x00000000000143bf       0x34 ./Core/Src/main.o
 .debug_macro   0x00000000000143f3       0x3c ./Core/Src/main.o
 .debug_macro   0x000000000001442f       0x57 ./Core/Src/main.o
 .debug_macro   0x0000000000014486       0x87 ./Core/Src/main.o
 .debug_macro   0x000000000001450d      0x183 ./Core/Src/main.o
 .debug_macro   0x0000000000014690      0x140 ./Core/Src/main.o
 .debug_macro   0x00000000000147d0      0x28e ./Core/Src/main.o
 .debug_macro   0x0000000000014a5e       0x69 ./Core/Src/main.o
 .debug_macro   0x0000000000014ac7       0x4c ./Core/Src/main.o
 .debug_macro   0x0000000000014b13      0x443 ./Core/Src/mainpp.o
 .debug_macro   0x0000000000014f56      0xd23 ./Core/Src/mainpp.o
 .debug_macro   0x0000000000015c79       0x61 ./Core/Src/mainpp.o
 .debug_macro   0x0000000000015cda       0x10 ./Core/Src/mainpp.o
 .debug_macro   0x0000000000015cea       0x20 ./Core/Src/mainpp.o
 .debug_macro   0x0000000000015d0a       0x10 ./Core/Src/mainpp.o
 .debug_macro   0x0000000000015d1a       0x1c ./Core/Src/mainpp.o
 .debug_macro   0x0000000000015d36       0xde ./Core/Src/mainpp.o
 .debug_macro   0x0000000000015e14      0x3cd ./Core/Src/mainpp.o
 .debug_macro   0x00000000000161e1       0x10 ./Core/Src/mainpp.o
 .debug_macro   0x00000000000161f1       0x16 ./Core/Src/mainpp.o
 .debug_macro   0x0000000000016207      0x1ad ./Core/Src/nbt.o
 .debug_macro   0x00000000000163b4       0x52 ./Core/Src/nbt.o
 .debug_macro   0x0000000000016406      0x19b ./Core/Src/stm32f1xx_hal_msp.o
 .debug_macro   0x00000000000165a1      0x1a5 ./Core/Src/stm32f1xx_it.o
 .debug_macro   0x0000000000016746       0xff ./Core/Src/sysmem.o
 .debug_macro   0x0000000000016845      0x23c ./Core/Src/sysmem.o
 .debug_macro   0x0000000000016a81      0x18c ./Core/Src/system_stm32f1xx.o
 .debug_macro   0x0000000000016c0d      0x1b0 ./Drivers/STM32F1xx_HAL_Driver/Src/stm32f1xx_hal.o
 .debug_macro   0x0000000000016dbd      0x18c ./Drivers/STM32F1xx_HAL_Driver/Src/stm32f1xx_hal_cortex.o
 .debug_macro   0x0000000000016f49      0x18c ./Drivers/STM32F1xx_HAL_Driver/Src/stm32f1xx_hal_dma.o
 .debug_macro   0x00000000000170d5      0x1f7 ./Drivers/STM32F1xx_HAL_Driver/Src/stm32f1xx_hal_gpio.o
 .debug_macro   0x00000000000172cc      0x19e ./Drivers/STM32F1xx_HAL_Driver/Src/stm32f1xx_hal_rcc.o
 .debug_macro   0x000000000001746a      0x18d ./Drivers/STM32F1xx_HAL_Driver/Src/stm32f1xx_hal_uart.o

.debug_line     0x0000000000000000     0xb873
 .debug_line    0x0000000000000000      0x93c ./Core/Inc/time.o
 .debug_line    0x000000000000093c      0x751 ./Core/Src/main.o
 .debug_line    0x000000000000108d     0x2929 ./Core/Src/mainpp.o
 .debug_line    0x00000000000039b6      0x659 ./Core/Src/nbt.o
 .debug_line    0x000000000000400f      0x6b6 ./Core/Src/stm32f1xx_hal_msp.o
 .debug_line    0x00000000000046c5      0x753 ./Core/Src/stm32f1xx_it.o
 .debug_line    0x0000000000004e18      0x4b8 ./Core/Src/sysmem.o
 .debug_line    0x00000000000052d0      0x697 ./Core/Src/system_stm32f1xx.o
 .debug_line    0x0000000000005967       0x78 ./Core/Startup/startup_stm32f103c6tx.o
 .debug_line    0x00000000000059df      0x8c4 ./Drivers/STM32F1xx_HAL_Driver/Src/stm32f1xx_hal.o
 .debug_line    0x00000000000062a3      0xaac ./Drivers/STM32F1xx_HAL_Driver/Src/stm32f1xx_hal_cortex.o
 .debug_line    0x0000000000006d4f      0xd1d ./Drivers/STM32F1xx_HAL_Driver/Src/stm32f1xx_hal_dma.o
 .debug_line    0x0000000000007a6c      0x948 ./Drivers/STM32F1xx_HAL_Driver/Src/stm32f1xx_hal_gpio.o
 .debug_line    0x00000000000083b4      0xccd ./Drivers/STM32F1xx_HAL_Driver/Src/stm32f1xx_hal_rcc.o
 .debug_line    0x0000000000009081     0x27f2 ./Drivers/STM32F1xx_HAL_Driver/Src/stm32f1xx_hal_uart.o

.debug_str      0x0000000000000000    0x865a8
 .debug_str     0x0000000000000000     0xa477 ./Core/Inc/time.o
                                       0xa78c (size before relaxing)
 .debug_str     0x000000000000a477    0x76eed ./Core/Src/main.o
                                      0x7afec (size before relaxing)
 .debug_str     0x0000000000081364     0x3814 ./Core/Src/mainpp.o
                                      0x84bf0 (size before relaxing)
 .debug_str     0x0000000000084b78       0x1d ./Core/Src/nbt.o
                                      0x7ab3e (size before relaxing)
 .debug_str     0x0000000000084b95       0xbe ./Core/Src/stm32f1xx_hal_msp.o
                                      0x7ae63 (size before relaxing)
 .debug_str     0x0000000000084c53      0x16f ./Core/Src/stm32f1xx_it.o
                                      0x7ab6b (size before relaxing)
 .debug_str     0x0000000000084dc2      0x534 ./Core/Src/sysmem.o
                                       0x6004 (size before relaxing)
 .debug_str     0x00000000000852f6       0x7e ./Core/Src/system_stm32f1xx.o
                                      0x7a537 (size before relaxing)
 .debug_str     0x0000000000085374       0x34 ./Core/Startup/startup_stm32f103c6tx.o
                                         0x6e (size before relaxing)
 .debug_str     0x00000000000853a8      0x31e ./Drivers/STM32F1xx_HAL_Driver/Src/stm32f1xx_hal.o
                                      0x7ac30 (size before relaxing)
 .debug_str     0x00000000000856c6      0x281 ./Drivers/STM32F1xx_HAL_Driver/Src/stm32f1xx_hal_cortex.o
                                      0x7ab7c (size before relaxing)
 .debug_str     0x0000000000085947      0x20b ./Drivers/STM32F1xx_HAL_Driver/Src/stm32f1xx_hal_dma.o
                                      0x7a8e0 (size before relaxing)
 .debug_str     0x0000000000085b52      0x284 ./Drivers/STM32F1xx_HAL_Driver/Src/stm32f1xx_hal_gpio.o
                                      0x7a8bd (size before relaxing)
 .debug_str     0x0000000000085dd6      0x21e ./Drivers/STM32F1xx_HAL_Driver/Src/stm32f1xx_hal_rcc.o
                                      0x7a966 (size before relaxing)
 .debug_str     0x0000000000085ff4      0x5b4 ./Drivers/STM32F1xx_HAL_Driver/Src/stm32f1xx_hal_uart.o
                                      0x7afd7 (size before relaxing)

.debug_frame    0x0000000000000000     0x2b84
 .debug_frame   0x0000000000000000       0xf0 ./Core/Inc/time.o
 .debug_frame   0x00000000000000f0       0xf0 ./Core/Src/main.o
 .debug_frame   0x00000000000001e0      0xc84 ./Core/Src/mainpp.o
 .debug_frame   0x0000000000000e64       0x58 ./Core/Src/nbt.o
 .debug_frame   0x0000000000000ebc       0x80 ./Core/Src/stm32f1xx_hal_msp.o
 .debug_frame   0x0000000000000f3c      0x190 ./Core/Src/stm32f1xx_it.o
 .debug_frame   0x00000000000010cc       0x34 ./Core/Src/sysmem.o
 .debug_frame   0x0000000000001100       0x58 ./Core/Src/system_stm32f1xx.o
 .debug_frame   0x0000000000001158      0x334 ./Drivers/STM32F1xx_HAL_Driver/Src/stm32f1xx_hal.o
 .debug_frame   0x000000000000148c      0x428 ./Drivers/STM32F1xx_HAL_Driver/Src/stm32f1xx_hal_cortex.o
 .debug_frame   0x00000000000018b4      0x208 ./Drivers/STM32F1xx_HAL_Driver/Src/stm32f1xx_hal_dma.o
 .debug_frame   0x0000000000001abc      0x14c ./Drivers/STM32F1xx_HAL_Driver/Src/stm32f1xx_hal_gpio.o
 .debug_frame   0x0000000000001c08      0x218 ./Drivers/STM32F1xx_HAL_Driver/Src/stm32f1xx_hal_rcc.o
 .debug_frame   0x0000000000001e20      0x944 ./Drivers/STM32F1xx_HAL_Driver/Src/stm32f1xx_hal_uart.o
 .debug_frame   0x0000000000002764       0x20 /opt/st/stm32cubeide_1.14.0/plugins/com.st.stm32cube.ide.mcu.externaltools.gnu-tools-for-stm32.11.3.rel1.linux64_1.1.100.202309141235/tools/bin/../lib/gcc/arm-none-eabi/11.3.1/../../../../arm-none-eabi/lib/thumb/v7-m/nofp/libc_nano.a(libc_a-realloc.o)
 .debug_frame   0x0000000000002784       0x3c /opt/st/stm32cubeide_1.14.0/plugins/com.st.stm32cube.ide.mcu.externaltools.gnu-tools-for-stm32.11.3.rel1.linux64_1.1.100.202309141235/tools/bin/../lib/gcc/arm-none-eabi/11.3.1/../../../../arm-none-eabi/lib/thumb/v7-m/nofp/libc_nano.a(libc_a-reallocr.o)
 .debug_frame   0x00000000000027c0      0x144 /opt/st/stm32cubeide_1.14.0/plugins/com.st.stm32cube.ide.mcu.externaltools.gnu-tools-for-stm32.11.3.rel1.linux64_1.1.100.202309141235/tools/bin/../lib/gcc/arm-none-eabi/11.3.1/../../../../arm-none-eabi/lib/thumb/v7-m/nofp/libc_nano.a(libc_a-findfp.o)
 .debug_frame   0x0000000000002904       0x20 /opt/st/stm32cubeide_1.14.0/plugins/com.st.stm32cube.ide.mcu.externaltools.gnu-tools-for-stm32.11.3.rel1.linux64_1.1.100.202309141235/tools/bin/../lib/gcc/arm-none-eabi/11.3.1/../../../../arm-none-eabi/lib/thumb/v7-m/nofp/libc_nano.a(libc_a-memset.o)
 .debug_frame   0x0000000000002924       0x38 /opt/st/stm32cubeide_1.14.0/plugins/com.st.stm32cube.ide.mcu.externaltools.gnu-tools-for-stm32.11.3.rel1.linux64_1.1.100.202309141235/tools/bin/../lib/gcc/arm-none-eabi/11.3.1/../../../../arm-none-eabi/lib/thumb/v7-m/nofp/libc_nano.a(libc_a-reent.o)
 .debug_frame   0x000000000000295c       0x20 /opt/st/stm32cubeide_1.14.0/plugins/com.st.stm32cube.ide.mcu.externaltools.gnu-tools-for-stm32.11.3.rel1.linux64_1.1.100.202309141235/tools/bin/../lib/gcc/arm-none-eabi/11.3.1/../../../../arm-none-eabi/lib/thumb/v7-m/nofp/libc_nano.a(libc_a-errno.o)
 .debug_frame   0x000000000000297c       0x2c /opt/st/stm32cubeide_1.14.0/plugins/com.st.stm32cube.ide.mcu.externaltools.gnu-tools-for-stm32.11.3.rel1.linux64_1.1.100.202309141235/tools/bin/../lib/gcc/arm-none-eabi/11.3.1/../../../../arm-none-eabi/lib/thumb/v7-m/nofp/libc_nano.a(libc_a-init.o)
 .debug_frame   0x00000000000029a8       0xb0 /opt/st/stm32cubeide_1.14.0/plugins/com.st.stm32cube.ide.mcu.externaltools.gnu-tools-for-stm32.11.3.rel1.linux64_1.1.100.202309141235/tools/bin/../lib/gcc/arm-none-eabi/11.3.1/../../../../arm-none-eabi/lib/thumb/v7-m/nofp/libc_nano.a(libc_a-lock.o)
 .debug_frame   0x0000000000002a58       0x28 /opt/st/stm32cubeide_1.14.0/plugins/com.st.stm32cube.ide.mcu.externaltools.gnu-tools-for-stm32.11.3.rel1.linux64_1.1.100.202309141235/tools/bin/../lib/gcc/arm-none-eabi/11.3.1/../../../../arm-none-eabi/lib/thumb/v7-m/nofp/libc_nano.a(libc_a-memcpy-stub.o)
 .debug_frame   0x0000000000002a80       0x38 /opt/st/stm32cubeide_1.14.0/plugins/com.st.stm32cube.ide.mcu.externaltools.gnu-tools-for-stm32.11.3.rel1.linux64_1.1.100.202309141235/tools/bin/../lib/gcc/arm-none-eabi/11.3.1/../../../../arm-none-eabi/lib/thumb/v7-m/nofp/libc_nano.a(libc_a-freer.o)
 .debug_frame   0x0000000000002ab8       0x50 /opt/st/stm32cubeide_1.14.0/plugins/com.st.stm32cube.ide.mcu.externaltools.gnu-tools-for-stm32.11.3.rel1.linux64_1.1.100.202309141235/tools/bin/../lib/gcc/arm-none-eabi/11.3.1/../../../../arm-none-eabi/lib/thumb/v7-m/nofp/libc_nano.a(libc_a-mallocr.o)
 .debug_frame   0x0000000000002b08       0x30 /opt/st/stm32cubeide_1.14.0/plugins/com.st.stm32cube.ide.mcu.externaltools.gnu-tools-for-stm32.11.3.rel1.linux64_1.1.100.202309141235/tools/bin/../lib/gcc/arm-none-eabi/11.3.1/../../../../arm-none-eabi/lib/thumb/v7-m/nofp/libc_nano.a(libc_a-mlock.o)
 .debug_frame   0x0000000000002b38       0x20 /opt/st/stm32cubeide_1.14.0/plugins/com.st.stm32cube.ide.mcu.externaltools.gnu-tools-for-stm32.11.3.rel1.linux64_1.1.100.202309141235/tools/bin/../lib/gcc/arm-none-eabi/11.3.1/../../../../arm-none-eabi/lib/thumb/v7-m/nofp/libc_nano.a(libc_a-msizer.o)
 .debug_frame   0x0000000000002b58       0x2c /opt/st/stm32cubeide_1.14.0/plugins/com.st.stm32cube.ide.mcu.externaltools.gnu-tools-for-stm32.11.3.rel1.linux64_1.1.100.202309141235/tools/bin/../lib/gcc/arm-none-eabi/11.3.1/../../../../arm-none-eabi/lib/thumb/v7-m/nofp/libc_nano.a(libc_a-sbrkr.o)

.debug_line_str
                0x0000000000000000       0x62
 .debug_line_str
                0x0000000000000000       0x62 ./Core/Startup/startup_stm32f103c6tx.o
                                         0x7a (size before relaxing)
